Component: ARM Compiler 5.06 update 5 (build 528) Tool: armlink [4d35e2]

==============================================================================

Section Cross References

    startup_stm32g431xx.o(RESET) refers to startup_stm32g431xx.o(STACK) for __initial_sp
    startup_stm32g431xx.o(RESET) refers to startup_stm32g431xx.o(.text) for Reset_Handler
    startup_stm32g431xx.o(RESET) refers to stm32g4xx_it.o(i.NMI_Handler) for NMI_Handler
    startup_stm32g431xx.o(RESET) refers to stm32g4xx_it.o(i.HardFault_Handler) for HardFault_Handler
    startup_stm32g431xx.o(RESET) refers to stm32g4xx_it.o(i.MemManage_Handler) for MemManage_Handler
    startup_stm32g431xx.o(RESET) refers to stm32g4xx_it.o(i.BusFault_Handler) for BusFault_Handler
    startup_stm32g431xx.o(RESET) refers to stm32g4xx_it.o(i.UsageFault_Handler) for UsageFault_Handler
    startup_stm32g431xx.o(RESET) refers to stm32g4xx_it.o(i.SVC_Handler) for SVC_Handler
    startup_stm32g431xx.o(RESET) refers to stm32g4xx_it.o(i.DebugMon_Handler) for DebugMon_Handler
    startup_stm32g431xx.o(RESET) refers to stm32g4xx_it.o(i.PendSV_Handler) for PendSV_Handler
    startup_stm32g431xx.o(RESET) refers to stm32g4xx_it.o(i.SysTick_Handler) for SysTick_Handler
    startup_stm32g431xx.o(RESET) refers to stm32g4xx_it.o(i.DMA1_Channel1_IRQHandler) for DMA1_Channel1_IRQHandler
    startup_stm32g431xx.o(RESET) refers to stm32g4xx_it.o(i.DMA1_Channel2_IRQHandler) for DMA1_Channel2_IRQHandler
    startup_stm32g431xx.o(RESET) refers to stm32g4xx_it.o(i.ADC1_2_IRQHandler) for ADC1_2_IRQHandler
    startup_stm32g431xx.o(RESET) refers to stm32g4xx_it.o(i.USART1_IRQHandler) for USART1_IRQHandler
    startup_stm32g431xx.o(.text) refers to system_stm32g4xx.o(i.SystemInit) for SystemInit
    startup_stm32g431xx.o(.text) refers to entry.o(.ARM.Collect$$$$00000000) for __main
    main.o(i.SystemClock_Config) refers to memseta.o(.text) for __aeabi_memclr4
    main.o(i.SystemClock_Config) refers to stm32g4xx_hal_pwr_ex.o(i.HAL_PWREx_ControlVoltageScaling) for HAL_PWREx_ControlVoltageScaling
    main.o(i.SystemClock_Config) refers to stm32g4xx_hal_rcc.o(i.HAL_RCC_OscConfig) for HAL_RCC_OscConfig
    main.o(i.SystemClock_Config) refers to stm32g4xx_hal_rcc.o(i.HAL_RCC_ClockConfig) for HAL_RCC_ClockConfig
    main.o(i.main) refers to stm32g4xx_hal.o(i.HAL_Init) for HAL_Init
    main.o(i.main) refers to main.o(i.SystemClock_Config) for SystemClock_Config
    main.o(i.main) refers to gpio.o(i.MX_GPIO_Init) for MX_GPIO_Init
    main.o(i.main) refers to dma.o(i.MX_DMA_Init) for MX_DMA_Init
    main.o(i.main) refers to spi.o(i.MX_SPI1_Init) for MX_SPI1_Init
    main.o(i.main) refers to tim.o(i.MX_TIM1_Init) for MX_TIM1_Init
    main.o(i.main) refers to usart.o(i.MX_USART1_UART_Init) for MX_USART1_UART_Init
    main.o(i.main) refers to adc.o(i.MX_ADC1_Init) for MX_ADC1_Init
    main.o(i.main) refers to start.o(i.Enable_IT) for Enable_IT
    gpio.o(i.MX_GPIO_Init) refers to memseta.o(.text) for __aeabi_memclr4
    gpio.o(i.MX_GPIO_Init) refers to stm32g4xx_hal_gpio.o(i.HAL_GPIO_WritePin) for HAL_GPIO_WritePin
    gpio.o(i.MX_GPIO_Init) refers to stm32g4xx_hal_gpio.o(i.HAL_GPIO_Init) for HAL_GPIO_Init
    adc.o(i.HAL_ADC_MspDeInit) refers to stm32g4xx_hal_gpio.o(i.HAL_GPIO_DeInit) for HAL_GPIO_DeInit
    adc.o(i.HAL_ADC_MspDeInit) refers to stm32g4xx_hal_cortex.o(i.HAL_NVIC_DisableIRQ) for HAL_NVIC_DisableIRQ
    adc.o(i.HAL_ADC_MspInit) refers to memseta.o(.text) for __aeabi_memclr4
    adc.o(i.HAL_ADC_MspInit) refers to stm32g4xx_hal_rcc_ex.o(i.HAL_RCCEx_PeriphCLKConfig) for HAL_RCCEx_PeriphCLKConfig
    adc.o(i.HAL_ADC_MspInit) refers to main.o(i.Error_Handler) for Error_Handler
    adc.o(i.HAL_ADC_MspInit) refers to stm32g4xx_hal_gpio.o(i.HAL_GPIO_Init) for HAL_GPIO_Init
    adc.o(i.HAL_ADC_MspInit) refers to stm32g4xx_hal_cortex.o(i.HAL_NVIC_SetPriority) for HAL_NVIC_SetPriority
    adc.o(i.HAL_ADC_MspInit) refers to stm32g4xx_hal_cortex.o(i.HAL_NVIC_EnableIRQ) for HAL_NVIC_EnableIRQ
    adc.o(i.MX_ADC1_Init) refers to memseta.o(.text) for __aeabi_memclr4
    adc.o(i.MX_ADC1_Init) refers to stm32g4xx_hal_adc.o(i.HAL_ADC_Init) for HAL_ADC_Init
    adc.o(i.MX_ADC1_Init) refers to main.o(i.Error_Handler) for Error_Handler
    adc.o(i.MX_ADC1_Init) refers to stm32g4xx_hal_adc_ex.o(i.HAL_ADCEx_MultiModeConfigChannel) for HAL_ADCEx_MultiModeConfigChannel
    adc.o(i.MX_ADC1_Init) refers to stm32g4xx_hal_adc_ex.o(i.HAL_ADCEx_InjectedConfigChannel) for HAL_ADCEx_InjectedConfigChannel
    adc.o(i.MX_ADC1_Init) refers to adc.o(.bss) for .bss
    dma.o(i.MX_DMA_Init) refers to stm32g4xx_hal_cortex.o(i.HAL_NVIC_SetPriority) for HAL_NVIC_SetPriority
    dma.o(i.MX_DMA_Init) refers to stm32g4xx_hal_cortex.o(i.HAL_NVIC_EnableIRQ) for HAL_NVIC_EnableIRQ
    spi.o(i.HAL_SPI_MspDeInit) refers to stm32g4xx_hal_gpio.o(i.HAL_GPIO_DeInit) for HAL_GPIO_DeInit
    spi.o(i.HAL_SPI_MspInit) refers to memseta.o(.text) for __aeabi_memclr4
[...]
    ..\Drivers\STM32G4xx_HAL_Driver\Src\stm32g4xx_hal_flash_ramfunc.c 0x00000000   Number         0  stm32g4xx_hal_flash_ramfunc.o ABSOLUTE
    ..\Drivers\STM32G4xx_HAL_Driver\Src\stm32g4xx_hal_gpio.c 0x00000000   Number         0  stm32g4xx_hal_gpio.o ABSOLUTE
    ..\Drivers\STM32G4xx_HAL_Driver\Src\stm32g4xx_hal_pwr.c 0x00000000   Number         0  stm32g4xx_hal_pwr.o ABSOLUTE
    ..\Drivers\STM32G4xx_HAL_Driver\Src\stm32g4xx_hal_pwr_ex.c 0x00000000   Number         0  stm32g4xx_hal_pwr_ex.o ABSOLUTE
    ..\Drivers\STM32G4xx_HAL_Driver\Src\stm32g4xx_hal_rcc.c 0x00000000   Number         0  stm32g4xx_hal_rcc.o ABSOLUTE
    ..\Drivers\STM32G4xx_HAL_Driver\Src\stm32g4xx_hal_rcc_ex.c 0x00000000   Number         0  stm32g4xx_hal_rcc_ex.o ABSOLUTE
    ..\Drivers\STM32G4xx_HAL_Driver\Src\stm32g4xx_hal_spi.c 0x00000000   Number         0  stm32g4xx_hal_spi.o ABSOLUTE
    ..\Drivers\STM32G4xx_HAL_Driver\Src\stm32g4xx_hal_spi_ex.c 0x00000000   Number         0  stm32g4xx_hal_spi_ex.o ABSOLUTE
    ..\Drivers\STM32G4xx_HAL_Driver\Src\stm32g4xx_hal_tim.c 0x00000000   Number         0  stm32g4xx_hal_tim.o ABSOLUTE
    ..\Drivers\STM32G4xx_HAL_Driver\Src\stm32g4xx_hal_tim_ex.c 0x00000000   Number         0  stm32g4xx_hal_tim_ex.o ABSOLUTE
    ..\Drivers\STM32G4xx_HAL_Driver\Src\stm32g4xx_hal_uart.c 0x00000000   Number         0  stm32g4xx_hal_uart.o ABSOLUTE
    ..\Drivers\STM32G4xx_HAL_Driver\Src\stm32g4xx_hal_uart_ex.c 0x00000000   Number         0  stm32g4xx_hal_uart_ex.o ABSOLUTE
    Hardware\MT6701\MT6701.c                 0x00000000   Number         0  mt6701.o ABSOLUTE
    Hardware\Motor\Motor.c                   0x00000000   Number         0  motor.o ABSOLUTE
    Hardware\\MT6701\\MT6701.c               0x00000000   Number         0  mt6701.o ABSOLUTE
    Hardware\\Motor\\Motor.c                 0x00000000   Number         0  motor.o ABSOLUTE
    Software\FOC\FOC.c                       0x00000000   Number         0  foc.o ABSOLUTE
    Software\PID\PID.c                       0x00000000   Number         0  pid.o ABSOLUTE
    Software\Start\Start.c                   0x00000000   Number         0  start.o ABSOLUTE
    Software\Test\Test.c                     0x00000000   Number         0  test.o ABSOLUTE
    Software\\FOC\\FOC.c                     0x00000000   Number         0  foc.o ABSOLUTE
    Software\\PID\\PID.c                     0x00000000   Number         0  pid.o ABSOLUTE
    Software\\Start\\Start.c                 0x00000000   Number         0  start.o ABSOLUTE
    Software\\Test\\Test.c                   0x00000000   Number         0  test.o ABSOLUTE
    arm_common_tables.c                      0x00000000   Number         0  arm_common_tables.o ABSOLUTE
    arm_cos_f32.c                            0x00000000   Number         0  arm_cos_f32.o ABSOLUTE
    arm_sin_f32.c                            0x00000000   Number         0  arm_sin_f32.o ABSOLUTE
    dc.s                                     0x00000000   Number         0  dc.o ABSOLUTE
    handlers.s                               0x00000000   Number         0  handlers.o ABSOLUTE
    init.s                                   0x00000000   Number         0  init.o ABSOLUTE
    startup_stm32g431xx.s                    0x00000000   Number         0  startup_stm32g431xx.o ABSOLUTE
    RESET                                    0x08000000   Section      472  startup_stm32g431xx.o(RESET)
    .ARM.Collect$$$$00000000                 0x080001d8   Section        0  entry.o(.ARM.Collect$$$$00000000)
    .ARM.Collect$$$$00000001                 0x080001d8   Section        4  entry2.o(.ARM.Collect$$$$00000001)
    .ARM.Collect$$$$00000004                 0x080001dc   Section        4  entry5.o(.ARM.Collect$$$$00000004)
    .ARM.Collect$$$$00000008                 0x080001e0   Section        0  entry7b.o(.ARM.Collect$$$$00000008)
    .ARM.Collect$$$$0000000A                 0x080001e0   Section        0  entry8b.o(.ARM.Collect$$$$0000000A)
    .ARM.Collect$$$$0000000B                 0x080001e0   Section        8  entry9a.o(.ARM.Collect$$$$0000000B)
    .ARM.Collect$$$$0000000D                 0x080001e8   Section        0  entry10a.o(.ARM.Collect$$$$0000000D)
    .ARM.Collect$$$$0000000F                 0x080001e8   Section        0  entry11a.o(.ARM.Collect$$$$0000000F)
    .ARM.Collect$$$$00002712                 0x080001e8   Section        4  entry2.o(.ARM.Collect$$$$00002712)
    __lit__00000000                          0x080001e8   Data           4  entry2.o(.ARM.Collect$$$$00002712)
    .text                                    0x080001ec   Section       36  startup_stm32g431xx.o(.text)
    $v0                                      0x080001ec   Number         0  startup_stm32g431xx.o(.text)
    .text                                    0x08000210   Section        0  uldiv.o(.text)
    .text                                    0x08000272   Section        0  memseta.o(.text)
    .text                                    0x08000296   Section        0  f2d.o(.text)
    .text                                    0x080002bc   Section        0  d2f.o(.text)
    .text                                    0x080002f4   Section        0  llshl.o(.text)
    .text                                    0x08000312   Section        0  llushr.o(.text)
    .text                                    0x08000332   Section        0  iusefp.o(.text)
    .text                                    0x08000332   Section        0  fepilogue.o(.text)
    .text                                    0x080003a0   Section        0  dadd.o(.text)
    .text                                    0x080004ee   Section        0  drem.o(.text)
    .text                                    0x08000574   Section       36  init.o(.text)
    .text                                    0x08000598   Section        0  llsshr.o(.text)
    .text                                    0x080005bc   Section        0  depilogue.o(.text)
    .text                                    0x08000676   Section        0  ddiv.o(.text)
    [Anonymous Symbol]                       0x08000754   Section        0  arm_cos_f32.o(.text.arm_cos_f32)
    [Anonymous Symbol]                       0x080007ec   Section        0  arm_sin_f32.o(.text.arm_sin_f32)
    i.ADC1_2_IRQHandler                      0x0800087c   Section        0  stm32g4xx_it.o(i.ADC1_2_IRQHandler)
    i.ADC_Enable                             0x08000888   Section        0  stm32g4xx_hal_adc.o(i.ADC_Enable)
    i.Adcpro                                 0x08000934   Section        0  motor.o(i.Adcpro)
    i.Angle_Limit                            0x08000aec   Section        0  motor.o(i.Angle_Limit)
    i.BusFault_Handler                       0x08000b0c   Section        0  stm32g4xx_it.o(i.BusFault_Handler)
    i.Clark_Park                             0x08000b10   Section        0  foc.o(i.Clark_Park)
    i.DMA1_Channel1_IRQHandler               0x08000b90   Section        0  stm32g4xx_it.o(i.DMA1_Channel1_IRQHandler)
    i.DMA1_Channel2_IRQHandler               0x08000b9c   Section        0  stm32g4xx_it.o(i.DMA1_Channel2_IRQHandler)
    i.DMA_CalcDMAMUXChannelBaseAndMask       0x08000ba8   Section        0  stm32g4xx_hal_dma.o(i.DMA_CalcDMAMUXChannelBaseAndMask)
    DMA_CalcDMAMUXChannelBaseAndMask         0x08000ba9   Thumb Code    54  stm32g4xx_hal_dma.o(i.DMA_CalcDMAMUXChannelBaseAndMask)
    i.DMA_CalcDMAMUXRequestGenBaseAndMask    0x08000be8   Section        0  stm32g4xx_hal_dma.o(i.DMA_CalcDMAMUXRequestGenBaseAndMask)
    DMA_CalcDMAMUXRequestGenBaseAndMask      0x08000be9   Thumb Code    30  stm32g4xx_hal_dma.o(i.DMA_CalcDMAMUXRequestGenBaseAndMask)
    i.DMA_SetConfig                          0x08000c0c   Section        0  stm32g4xx_hal_dma.o(i.DMA_SetConfig)
    DMA_SetConfig                            0x08000c0d   Thumb Code    62  stm32g4xx_hal_dma.o(i.DMA_SetConfig)
    i.Data_Init                              0x08000c4c   Section        0  motor.o(i.Data_Init)
    i.Data_Treating                          0x08000e98   Section        0  motor.o(i.Data_Treating)
    i.DebugMon_Handler                       0x08000eec   Section        0  stm32g4xx_it.o(i.DebugMon_Handler)
    i.ElectAngle_Limit                       0x08000ef0   Section        0  foc.o(i.ElectAngle_Limit)
    i.ElectAngle_Turn                        0x08000f38   Section        0  foc.o(i.ElectAngle_Turn)
    i.Enable_IT                              0x08000f48   Section        0  start.o(i.Enable_IT)
    i.Encoderpro                             0x08000fdc   Section        0  motor.o(i.Encoderpro)
    i.Error_Handler                          0x08001150   Section        0  main.o(i.Error_Handler)
    i.HAL_ADCEx_EndOfSamplingCallback        0x08001154   Section        0  stm32g4xx_hal_adc_ex.o(i.HAL_ADCEx_EndOfSamplingCallback)
    i.HAL_ADCEx_InjectedConfigChannel        0x08001158   Section        0  stm32g4xx_hal_adc_ex.o(i.HAL_ADCEx_InjectedConfigChannel)
    i.HAL_ADCEx_InjectedConvCpltCallback     0x08001670   Section        0  stm32g4xx_it.o(i.HAL_ADCEx_InjectedConvCpltCallback)
    i.HAL_ADCEx_InjectedQueueOverflowCallback 0x0800169c   Section        0  stm32g4xx_hal_adc_ex.o(i.HAL_ADCEx_InjectedQueueOverflowCallback)
    i.HAL_ADCEx_InjectedStart                0x080016a0   Section        0  stm32g4xx_hal_adc_ex.o(i.HAL_ADCEx_InjectedStart)
    i.HAL_ADCEx_LevelOutOfWindow2Callback    0x08001788   Section        0  stm32g4xx_hal_adc_ex.o(i.HAL_ADCEx_LevelOutOfWindow2Callback)
    i.HAL_ADCEx_LevelOutOfWindow3Callback    0x0800178a   Section        0  stm32g4xx_hal_adc_ex.o(i.HAL_ADCEx_LevelOutOfWindow3Callback)
    i.HAL_ADCEx_MultiModeConfigChannel       0x0800178c   Section        0  stm32g4xx_hal_adc_ex.o(i.HAL_ADCEx_MultiModeConfigChannel)
    i.HAL_ADC_ConvCpltCallback               0x08001864   Section        0  stm32g4xx_hal_adc.o(i.HAL_ADC_ConvCpltCallback)
    i.HAL_ADC_ErrorCallback                  0x08001866   Section        0  stm32g4xx_hal_adc.o(i.HAL_ADC_ErrorCallback)
    i.HAL_ADC_IRQHandler                     0x08001868   Section        0  stm32g4xx_hal_adc.o(i.HAL_ADC_IRQHandler)
    i.HAL_ADC_Init                           0x08001ad4   Section        0  stm32g4xx_hal_adc.o(i.HAL_ADC_Init)
    i.HAL_ADC_LevelOutOfWindowCallback       0x08001cc8   Section        0  stm32g4xx_hal_adc.o(i.HAL_ADC_LevelOutOfWindowCallback)
    i.HAL_ADC_MspInit                        0x08001ccc   Section        0  adc.o(i.HAL_ADC_MspInit)
    i.HAL_DMA_Abort                          0x08001d50   Section        0  stm32g4xx_hal_dma.o(i.HAL_DMA_Abort)
    i.HAL_DMA_Abort_IT                       0x08001dba   Section        0  stm32g4xx_hal_dma.o(i.HAL_DMA_Abort_IT)
    i.HAL_DMA_GetError                       0x08001e32   Section        0  stm32g4xx_hal_dma.o(i.HAL_DMA_GetError)
    i.HAL_DMA_IRQHandler                     0x08001e36   Section        0  stm32g4xx_hal_dma.o(i.HAL_DMA_IRQHandler)
    i.HAL_DMA_Init                           0x08001ef0   Section        0  stm32g4xx_hal_dma.o(i.HAL_DMA_Init)
    i.HAL_DMA_Start_IT                       0x08001fb0   Section        0  stm32g4xx_hal_dma.o(i.HAL_DMA_Start_IT)
    i.HAL_GPIO_Init                          0x0800203c   Section        0  stm32g4xx_hal_gpio.o(i.HAL_GPIO_Init)
    i.HAL_GPIO_WritePin                      0x08002284   Section        0  stm32g4xx_hal_gpio.o(i.HAL_GPIO_WritePin)
    i.HAL_GetTick                            0x08002290   Section        0  stm32g4xx_hal.o(i.HAL_GetTick)
    i.HAL_IncTick                            0x0800229c   Section        0  stm32g4xx_hal.o(i.HAL_IncTick)
    i.HAL_Init                               0x080022ac   Section        0  stm32g4xx_hal.o(i.HAL_Init)
    i.HAL_InitTick                           0x080022cc   Section        0  stm32g4xx_hal.o(i.HAL_InitTick)
    i.HAL_MspInit                            0x08002310   Section        0  stm32g4xx_hal_msp.o(i.HAL_MspInit)
    i.HAL_NVIC_EnableIRQ                     0x08002340   Section        0  stm32g4xx_hal_cortex.o(i.HAL_NVIC_EnableIRQ)
    i.HAL_NVIC_SetPriority                   0x0800235c   Section        0  stm32g4xx_hal_cortex.o(i.HAL_NVIC_SetPriority)
    i.HAL_NVIC_SetPriorityGrouping           0x0800239c   Section        0  stm32g4xx_hal_cortex.o(i.HAL_NVIC_SetPriorityGrouping)
    i.HAL_PWREx_ControlVoltageScaling        0x080023c0   Section        0  stm32g4xx_hal_pwr_ex.o(i.HAL_PWREx_ControlVoltageScaling)
    i.HAL_PWREx_DisableUCPDDeadBattery       0x0800247c   Section        0  stm32g4xx_hal_pwr_ex.o(i.HAL_PWREx_DisableUCPDDeadBattery)
    i.HAL_RCCEx_PeriphCLKConfig              0x0800248c   Section        0  stm32g4xx_hal_rcc_ex.o(i.HAL_RCCEx_PeriphCLKConfig)
    i.HAL_RCC_ClockConfig                    0x08002714   Section        0  stm32g4xx_hal_rcc.o(i.HAL_RCC_ClockConfig)
    i.HAL_RCC_GetPCLK1Freq                   0x080028f0   Section        0  stm32g4xx_hal_rcc.o(i.HAL_RCC_GetPCLK1Freq)
    i.HAL_RCC_GetPCLK2Freq                   0x08002914   Section        0  stm32g4xx_hal_rcc.o(i.HAL_RCC_GetPCLK2Freq)
    i.HAL_RCC_GetSysClockFreq                0x08002938   Section        0  stm32g4xx_hal_rcc.o(i.HAL_RCC_GetSysClockFreq)
    i.HAL_RCC_OscConfig                      0x080029a4   Section        0  stm32g4xx_hal_rcc.o(i.HAL_RCC_OscConfig)
    i.HAL_SPI_Init                           0x08002da8   Section        0  stm32g4xx_hal_spi.o(i.HAL_SPI_Init)
    i.HAL_SPI_MspInit                        0x08002e94   Section        0  spi.o(i.HAL_SPI_MspInit)
    i.HAL_SPI_TransmitReceive                0x08002f0c   Section        0  stm32g4xx_hal_spi.o(i.HAL_SPI_TransmitReceive)
    i.HAL_SYSTICK_Config                     0x08003178   Section        0  stm32g4xx_hal_cortex.o(i.HAL_SYSTICK_Config)
    i.HAL_TIMEx_ConfigBreakDeadTime          0x080031a0   Section        0  stm32g4xx_hal_tim_ex.o(i.HAL_TIMEx_ConfigBreakDeadTime)
    i.HAL_TIMEx_MasterConfigSynchronization  0x0800323c   Section        0  stm32g4xx_hal_tim_ex.o(i.HAL_TIMEx_MasterConfigSynchronization)
    i.HAL_TIMEx_PWMN_Start                   0x080032d8   Section        0  stm32g4xx_hal_tim_ex.o(i.HAL_TIMEx_PWMN_Start)
    i.HAL_TIM_Base_Init                      0x08003390   Section        0  stm32g4xx_hal_tim.o(i.HAL_TIM_Base_Init)
    i.HAL_TIM_Base_MspInit                   0x080033f4   Section        0  tim.o(i.HAL_TIM_Base_MspInit)
    i.HAL_TIM_Base_Start                     0x0800341c   Section        0  stm32g4xx_hal_tim.o(i.HAL_TIM_Base_Start)
    i.HAL_TIM_ConfigClockSource              0x08003488   Section        0  stm32g4xx_hal_tim.o(i.HAL_TIM_ConfigClockSource)
    i.HAL_TIM_MspPostInit                    0x08003588   Section        0  tim.o(i.HAL_TIM_MspPostInit)
    i.HAL_TIM_PWM_ConfigChannel              0x0800361c   Section        0  stm32g4xx_hal_tim.o(i.HAL_TIM_PWM_ConfigChannel)
    i.HAL_TIM_PWM_Init                       0x08003740   Section        0  stm32g4xx_hal_tim.o(i.HAL_TIM_PWM_Init)
    i.HAL_TIM_PWM_MspInit                    0x080037a2   Section        0  stm32g4xx_hal_tim.o(i.HAL_TIM_PWM_MspInit)
    i.HAL_TIM_PWM_Start                      0x080037a4   Section        0  stm32g4xx_hal_tim.o(i.HAL_TIM_PWM_Start)
    i.HAL_UARTEx_DisableFifoMode             0x080038a0   Section        0  stm32g4xx_hal_uart_ex.o(i.HAL_UARTEx_DisableFifoMode)
    i.HAL_UARTEx_RxEventCallback             0x080038de   Section        0  stm32g4xx_hal_uart.o(i.HAL_UARTEx_RxEventCallback)
    i.HAL_UARTEx_RxFifoFullCallback          0x080038e0   Section        0  stm32g4xx_hal_uart_ex.o(i.HAL_UARTEx_RxFifoFullCallback)
    i.HAL_UARTEx_SetRxFifoThreshold          0x080038e2   Section        0  stm32g4xx_hal_uart_ex.o(i.HAL_UARTEx_SetRxFifoThreshold)
    i.HAL_UARTEx_SetTxFifoThreshold          0x0800392e   Section        0  stm32g4xx_hal_uart_ex.o(i.HAL_UARTEx_SetTxFifoThreshold)
    i.HAL_UARTEx_TxFifoEmptyCallback         0x0800397a   Section        0  stm32g4xx_hal_uart_ex.o(i.HAL_UARTEx_TxFifoEmptyCallback)
    i.HAL_UARTEx_WakeupCallback              0x0800397c   Section        0  stm32g4xx_hal_uart_ex.o(i.HAL_UARTEx_WakeupCallback)
    i.HAL_UART_DMAStop                       0x0800397e   Section        0  stm32g4xx_hal_uart.o(i.HAL_UART_DMAStop)
    i.HAL_UART_ErrorCallback                 0x08003a12   Section        0  stm32g4xx_hal_uart.o(i.HAL_UART_ErrorCallback)
    i.HAL_UART_IRQHandler                    0x08003a14   Section        0  stm32g4xx_hal_uart.o(i.HAL_UART_IRQHandler)
    i.HAL_UART_Init                          0x08003d20   Section        0  stm32g4xx_hal_uart.o(i.HAL_UART_Init)
    i.HAL_UART_MspInit                       0x08003d8c   Section        0  usart.o(i.HAL_UART_MspInit)
    i.HAL_UART_Receive_DMA                   0x08003e7c   Section        0  stm32g4xx_hal_uart.o(i.HAL_UART_Receive_DMA)
    i.HAL_UART_RxCpltCallback                0x08003ec4   Section        0  stm32g4xx_it.o(i.HAL_UART_RxCpltCallback)
    i.HAL_UART_RxHalfCpltCallback            0x08003ec6   Section        0  stm32g4xx_hal_uart.o(i.HAL_UART_RxHalfCpltCallback)
    i.HAL_UART_Transmit_DMA                  0x08003ec8   Section        0  stm32g4xx_hal_uart.o(i.HAL_UART_Transmit_DMA)
    i.HAL_UART_TxCpltCallback                0x08003f58   Section        0  stm32g4xx_hal_uart.o(i.HAL_UART_TxCpltCallback)
    i.HAL_UART_TxHalfCpltCallback            0x08003f5a   Section        0  stm32g4xx_hal_uart.o(i.HAL_UART_TxHalfCpltCallback)
    i.HardFault_Handler                      0x08003f5c   Section        0  stm32g4xx_it.o(i.HardFault_Handler)
    i.LL_ADC_GetOffsetChannel                0x08003f5e   Section        0  stm32g4xx_hal_adc_ex.o(i.LL_ADC_GetOffsetChannel)
    LL_ADC_GetOffsetChannel                  0x08003f5f   Thumb Code    12  stm32g4xx_hal_adc_ex.o(i.LL_ADC_GetOffsetChannel)
    i.LL_ADC_INJ_IsConversionOngoing         0x08003f6a   Section        0  stm32g4xx_hal_adc.o(i.LL_ADC_INJ_IsConversionOngoing)
    LL_ADC_INJ_IsConversionOngoing           0x08003f6b   Thumb Code     8  stm32g4xx_hal_adc.o(i.LL_ADC_INJ_IsConversionOngoing)
    i.LL_ADC_INJ_IsConversionOngoing         0x08003f72   Section        0  stm32g4xx_hal_adc_ex.o(i.LL_ADC_INJ_IsConversionOngoing)
    LL_ADC_INJ_IsConversionOngoing           0x08003f73   Thumb Code     8  stm32g4xx_hal_adc_ex.o(i.LL_ADC_INJ_IsConversionOngoing)
    i.LL_ADC_REG_IsConversionOngoing         0x08003f7a   Section        0  stm32g4xx_hal_adc.o(i.LL_ADC_REG_IsConversionOngoing)
    LL_ADC_REG_IsConversionOngoing           0x08003f7b   Thumb Code     8  stm32g4xx_hal_adc.o(i.LL_ADC_REG_IsConversionOngoing)
    i.LL_ADC_REG_IsConversionOngoing         0x08003f82   Section        0  stm32g4xx_hal_adc_ex.o(i.LL_ADC_REG_IsConversionOngoing)
    LL_ADC_REG_IsConversionOngoing           0x08003f83   Thumb Code     8  stm32g4xx_hal_adc_ex.o(i.LL_ADC_REG_IsConversionOngoing)
    i.LL_ADC_REG_IsTriggerSourceSWStart      0x08003f8a   Section        0  stm32g4xx_hal_adc.o(i.LL_ADC_REG_IsTriggerSourceSWStart)
    LL_ADC_REG_IsTriggerSourceSWStart        0x08003f8b   Thumb Code    16  stm32g4xx_hal_adc.o(i.LL_ADC_REG_IsTriggerSourceSWStart)
    i.LL_ADC_SetChannelSamplingTime          0x08003f9a   Section        0  stm32g4xx_hal_adc_ex.o(i.LL_ADC_SetChannelSamplingTime)
    LL_ADC_SetChannelSamplingTime            0x08003f9b   Thumb Code    30  stm32g4xx_hal_adc_ex.o(i.LL_ADC_SetChannelSamplingTime)
    i.LL_ADC_SetOffsetState                  0x08003fb8   Section        0  stm32g4xx_hal_adc_ex.o(i.LL_ADC_SetOffsetState)
    LL_ADC_SetOffsetState                    0x08003fb9   Thumb Code    16  stm32g4xx_hal_adc_ex.o(i.LL_ADC_SetOffsetState)
    i.Low_pass_Filter                        0x08003fc8   Section        0  motor.o(i.Low_pass_Filter)
    i.MT6701_Read                            0x08003fec   Section        0  mt6701.o(i.MT6701_Read)
    MT6701_Read                              0x08003fed   Thumb Code    50  mt6701.o(i.MT6701_Read)
    i.MT6701_ReadRaw                         0x0800402c   Section        0  mt6701.o(i.MT6701_ReadRaw)
    i.MX_ADC1_Init                           0x08004044   Section        0  adc.o(i.MX_ADC1_Init)
    i.MX_DMA_Init                            0x08004144   Section        0  dma.o(i.MX_DMA_Init)
    i.MX_GPIO_Init                           0x08004190   Section        0  gpio.o(i.MX_GPIO_Init)
    i.MX_SPI1_Init                           0x08004234   Section        0  spi.o(i.MX_SPI1_Init)
    i.MX_TIM1_Init                           0x08004284   Section        0  tim.o(i.MX_TIM1_Init)
    i.MX_USART1_UART_Init                    0x080043a8   Section        0  usart.o(i.MX_USART1_UART_Init)
    i.MemManage_Handler                      0x08004410   Section        0  stm32g4xx_it.o(i.MemManage_Handler)
    i.Modepro                                0x08004414   Section        0  motor.o(i.Modepro)
    i.NMI_Handler                            0x0800450c   Section        0  stm32g4xx_it.o(i.NMI_Handler)
    i.PID_I_Control                          0x0800450e   Section        0  pid.o(i.PID_I_Control)
    i.PID_Position_Control                   0x080045f0   Section        0  pid.o(i.PID_Position_Control)
    i.PID_Speed_Control                      0x080046b0   Section        0  pid.o(i.PID_Speed_Control)
    i.PendSV_Handler                         0x080047e4   Section        0  stm32g4xx_it.o(i.PendSV_Handler)
    i.SPI_EndRxTxTransaction                 0x080047e6   Section        0  stm32g4xx_hal_spi.o(i.SPI_EndRxTxTransaction)
    SPI_EndRxTxTransaction                   0x080047e7   Thumb Code    72  stm32g4xx_hal_spi.o(i.SPI_EndRxTxTransaction)
    i.SPI_WaitFifoStateUntilTimeout          0x08004830   Section        0  stm32g4xx_hal_spi.o(i.SPI_WaitFifoStateUntilTimeout)
    SPI_WaitFifoStateUntilTimeout            0x08004831   Thumb Code   218  stm32g4xx_hal_spi.o(i.SPI_WaitFifoStateUntilTimeout)
    i.SPI_WaitFlagStateUntilTimeout          0x08004910   Section        0  stm32g4xx_hal_spi.o(i.SPI_WaitFlagStateUntilTimeout)
    SPI_WaitFlagStateUntilTimeout            0x08004911   Thumb Code   180  stm32g4xx_hal_spi.o(i.SPI_WaitFlagStateUntilTimeout)
    i.SVC_Handler                            0x080049c8   Section        0  stm32g4xx_it.o(i.SVC_Handler)
    i.SVPWM                                  0x080049cc   Section        0  foc.o(i.SVPWM)
    i.SysTick_Handler                        0x08004d08   Section        0  stm32g4xx_it.o(i.SysTick_Handler)
    i.SystemClock_Config                     0x08004d0c   Section        0  main.o(i.SystemClock_Config)
    i.SystemInit                             0x08004d70   Section        0  system_stm32g4xx.o(i.SystemInit)
    i.TIM_Base_SetConfig                     0x08004d80   Section        0  stm32g4xx_hal_tim.o(i.TIM_Base_SetConfig)
    i.TIM_CCxChannelCmd                      0x08004e3c   Section        0  stm32g4xx_hal_tim.o(i.TIM_CCxChannelCmd)
    i.TIM_CCxNChannelCmd                     0x08004e56   Section        0  stm32g4xx_hal_tim_ex.o(i.TIM_CCxNChannelCmd)
    TIM_CCxNChannelCmd                       0x08004e57   Thumb Code    26  stm32g4xx_hal_tim_ex.o(i.TIM_CCxNChannelCmd)
    i.TIM_ETR_SetConfig                      0x08004e70   Section        0  stm32g4xx_hal_tim.o(i.TIM_ETR_SetConfig)
    i.TIM_ITRx_SetConfig                     0x08004e84   Section        0  stm32g4xx_hal_tim.o(i.TIM_ITRx_SetConfig)
    TIM_ITRx_SetConfig                       0x08004e85   Thumb Code    16  stm32g4xx_hal_tim.o(i.TIM_ITRx_SetConfig)
    i.TIM_OC1_SetConfig                      0x08004e98   Section        0  stm32g4xx_hal_tim.o(i.TIM_OC1_SetConfig)
    TIM_OC1_SetConfig                        0x08004e99   Thumb Code   132  stm32g4xx_hal_tim.o(i.TIM_OC1_SetConfig)
    i.TIM_OC2_SetConfig                      0x08004f34   Section        0  stm32g4xx_hal_tim.o(i.TIM_OC2_SetConfig)
    i.TIM_OC3_SetConfig                      0x08004fc4   Section        0  stm32g4xx_hal_tim.o(i.TIM_OC3_SetConfig)
    TIM_OC3_SetConfig                        0x08004fc5   Thumb Code   118  stm32g4xx_hal_tim.o(i.TIM_OC3_SetConfig)
    i.TIM_OC4_SetConfig                      0x08005054   Section        0  stm32g4xx_hal_tim.o(i.TIM_OC4_SetConfig)
    TIM_OC4_SetConfig                        0x08005055   Thumb Code   120  stm32g4xx_hal_tim.o(i.TIM_OC4_SetConfig)
    i.TIM_OC5_SetConfig                      0x080050e4   Section        0  stm32g4xx_hal_tim.o(i.TIM_OC5_SetConfig)
    TIM_OC5_SetConfig                        0x080050e5   Thumb Code    86  stm32g4xx_hal_tim.o(i.TIM_OC5_SetConfig)
    i.TIM_OC6_SetConfig                      0x08005154   Section        0  stm32g4xx_hal_tim.o(i.TIM_OC6_SetConfig)
    TIM_OC6_SetConfig                        0x08005155   Thumb Code    88  stm32g4xx_hal_tim.o(i.TIM_OC6_SetConfig)
    i.TIM_TI1_ConfigInputStage               0x080051c4   Section        0  stm32g4xx_hal_tim.o(i.TIM_TI1_ConfigInputStage)
    TIM_TI1_ConfigInputStage                 0x080051c5   Thumb Code    34  stm32g4xx_hal_tim.o(i.TIM_TI1_ConfigInputStage)
    i.TIM_TI2_ConfigInputStage               0x080051e6   Section        0  stm32g4xx_hal_tim.o(i.TIM_TI2_ConfigInputStage)
    TIM_TI2_ConfigInputStage                 0x080051e7   Thumb Code    36  stm32g4xx_hal_tim.o(i.TIM_TI2_ConfigInputStage)
    i.UARTEx_SetNbDataToProcess              0x0800520c   Section        0  stm32g4xx_hal_uart_ex.o(i.UARTEx_SetNbDataToProcess)
    UARTEx_SetNbDataToProcess                0x0800520d   Thumb Code    62  stm32g4xx_hal_uart_ex.o(i.UARTEx_SetNbDataToProcess)
    i.UART_AdvFeatureConfig                  0x08005250   Section        0  stm32g4xx_hal_uart.o(i.UART_AdvFeatureConfig)
    i.UART_CheckIdleState                    0x08005318   Section        0  stm32g4xx_hal_uart.o(i.UART_CheckIdleState)
    i.UART_DMAAbortOnError                   0x080053c4   Section        0  stm32g4xx_hal_uart.o(i.UART_DMAAbortOnError)
    UART_DMAAbortOnError                     0x080053c5   Thumb Code    20  stm32g4xx_hal_uart.o(i.UART_DMAAbortOnError)
    i.UART_DMAError                          0x080053d8   Section        0  stm32g4xx_hal_uart.o(i.UART_DMAError)
    UART_DMAError                            0x080053d9   Thumb Code    80  stm32g4xx_hal_uart.o(i.UART_DMAError)
    i.UART_DMAReceiveCplt                    0x08005428   Section        0  stm32g4xx_hal_uart.o(i.UART_DMAReceiveCplt)
    UART_DMAReceiveCplt                      0x08005429   Thumb Code   134  stm32g4xx_hal_uart.o(i.UART_DMAReceiveCplt)
    i.UART_DMARxHalfCplt                     0x080054ae   Section        0  stm32g4xx_hal_uart.o(i.UART_DMARxHalfCplt)
    UART_DMARxHalfCplt                       0x080054af   Thumb Code    32  stm32g4xx_hal_uart.o(i.UART_DMARxHalfCplt)
    i.UART_DMATransmitCplt                   0x080054ce   Section        0  stm32g4xx_hal_uart.o(i.UART_DMATransmitCplt)
    UART_DMATransmitCplt                     0x080054cf   Thumb Code    66  stm32g4xx_hal_uart.o(i.UART_DMATransmitCplt)
    i.UART_DMATxHalfCplt                     0x08005510   Section        0  stm32g4xx_hal_uart.o(i.UART_DMATxHalfCplt)
    UART_DMATxHalfCplt                       0x08005511   Thumb Code    10  stm32g4xx_hal_uart.o(i.UART_DMATxHalfCplt)
    i.UART_EndRxTransfer                     0x0800551c   Section        0  stm32g4xx_hal_uart.o(i.UART_EndRxTransfer)
    UART_EndRxTransfer                       0x0800551d   Thumb Code    78  stm32g4xx_hal_uart.o(i.UART_EndRxTransfer)
    i.UART_EndTxTransfer                     0x08005570   Section        0  stm32g4xx_hal_uart.o(i.UART_EndTxTransfer)
    UART_EndTxTransfer                       0x08005571   Thumb Code    46  stm32g4xx_hal_uart.o(i.UART_EndTxTransfer)
    i.UART_SetConfig                         0x080055a0   Section        0  stm32g4xx_hal_uart.o(i.UART_SetConfig)
    i.UART_Start_Receive_DMA                 0x08005814   Section        0  stm32g4xx_hal_uart.o(i.UART_Start_Receive_DMA)
    i.UART_WaitOnFlagUntilTimeout            0x080058bc   Section        0  stm32g4xx_hal_uart.o(i.UART_WaitOnFlagUntilTimeout)
    i.USART1_IRQHandler                      0x08005950   Section        0  stm32g4xx_it.o(i.USART1_IRQHandler)
    i.UsageFault_Handler                     0x080059a8   Section        0  stm32g4xx_it.o(i.UsageFault_Handler)
    i.__NVIC_SetPriority                     0x080059aa   Section        0  stm32g4xx_hal_cortex.o(i.__NVIC_SetPriority)
    __NVIC_SetPriority                       0x080059ab   Thumb Code    32  stm32g4xx_hal_cortex.o(i.__NVIC_SetPriority)
    i.__hardfp_fmod                          0x080059cc   Section        0  fmod.o(i.__hardfp_fmod)
    i.__hardfp_sqrtf                         0x08005ad0   Section        0  sqrtf.o(i.__hardfp_sqrtf)
    i.__mathlib_dbl_invalid                  0x08005b10   Section        0  dunder.o(i.__mathlib_dbl_invalid)
    i.__scatterload_copy                     0x08005b30   Section       14  handlers.o(i.__scatterload_copy)
    i.__scatterload_null                     0x08005b3e   Section        2  handlers.o(i.__scatterload_null)
    i.__scatterload_zeroinit                 0x08005b40   Section       14  handlers.o(i.__scatterload_zeroinit)
    i.__set_errno                            0x08005b50   Section        0  errno.o(i.__set_errno)
    i.main                                   0x08005b5c   Section        0  main.o(i.main)
    .constdata                               0x08005b82   Section       24  stm32g4xx_hal_uart.o(.constdata)
    .constdata                               0x08005b9a   Section       16  stm32g4xx_hal_uart_ex.o(.constdata)
    numerator                                0x08005b9a   Data           8  stm32g4xx_hal_uart_ex.o(.constdata)
    denominator                              0x08005ba2   Data           8  stm32g4xx_hal_uart_ex.o(.constdata)
    .constdata                               0x08005baa   Section       16  system_stm32g4xx.o(.constdata)
    .constdata                               0x08005bba   Section        8  system_stm32g4xx.o(.constdata)
    .data                                    0x20000000   Section        8  main.o(.data)
    .data                                    0x20000008   Section        5  main.o(.data)
    .data                                    0x20000010   Section        8  main.o(.data)
    .data                                    0x20000018   Section        8  main.o(.data)
    .data                                    0x20000020   Section        8  main.o(.data)
    .data                                    0x20000028   Section        8  main.o(.data)
    .data                                    0x20000030   Section        8  main.o(.data)
    .data                                    0x20000038   Section        8  main.o(.data)
    .data                                    0x20000040   Section        1  start.o(.data)
    .data                                    0x20000044   Section        4  motor.o(.data)
    .data                                    0x20000048   Section       12  stm32g4xx_hal.o(.data)
    .data                                    0x20000054   Section        4  system_stm32g4xx.o(.data)
    .data                                    0x20000058   Section        4  errno.o(.data)
    _errno                                   0x20000058   Data           4  errno.o(.data)
    .bss                                     0x2000005c   Section       60  main.o(.bss)
    .bss                                     0x20000098   Section       76  main.o(.bss)
    .bss                                     0x200000e4   Section       56  main.o(.bss)
    .bss                                     0x2000011c   Section      140  main.o(.bss)
    .bss                                     0x200001a8   Section      108  adc.o(.bss)
    .bss                                     0x20000214   Section      100  spi.o(.bss)
    .bss                                     0x20000278   Section       76  tim.o(.bss)
    .bss                                     0x200002c4   Section      340  usart.o(.bss)
    .bss                                     0x20000418   Section      100  start.o(.bss)
    STACK                                    0x20000480   Section     1024  startup_stm32g431xx.o(STACK)

    Global Symbols

    Symbol Name                              Value     Ov Type        Size  Object(Section)

    BuildAttributes$$THM_ISAv4$E$P$D$K$B$S$7EM$VFPi3$EXTD16$VFPS$VFMA$PE$A:L22UL41UL21$X:L11$S22US41US21$IEEE1$IW$USESV6$~STKCKD$USESV7$~SHL$OTIME$ROPI$IEEEX$EBA8$MICROLIB$REQ8$PRES8$EABIv2 0x00000000   Number         0  anon$$obj.o ABSOLUTE
    __ARM_use_no_argv                        0x00000000   Number         0  main.o ABSOLUTE
    __cpp_initialize__aeabi_                  - Undefined Weak Reference
    __cxa_finalize                            - Undefined Weak Reference
    __decompress                              - Undefined Weak Reference
    _clock_init                               - Undefined Weak Reference
    _microlib_exit                            - Undefined Weak Reference
    __Vectors_Size                           0x000001d8   Number         0  startup_stm32g431xx.o ABSOLUTE
    __Vectors                                0x08000000   Data           4  startup_stm32g431xx.o(RESET)
    __Vectors_End                            0x080001d8   Data           0  startup_stm32g431xx.o(RESET)
    __main                                   0x080001d9   Thumb Code     0  entry.o(.ARM.Collect$$$$00000000)
    _main_stk                                0x080001d9   Thumb Code     0  entry2.o(.ARM.Collect$$$$00000001)
    _main_scatterload                        0x080001dd   Thumb Code     0  entry5.o(.ARM.Collect$$$$00000004)
    __main_after_scatterload                 0x080001e1   Thumb Code     0  entry5.o(.ARM.Collect$$$$00000004)
    _main_clock                              0x080001e1   Thumb Code     0  entry7b.o(.ARM.Collect$$$$00000008)
    _main_cpp_init                           0x080001e1   Thumb Code     0  entry8b.o(.ARM.Collect$$$$0000000A)
    _main_init                               0x080001e1   Thumb Code     0  entry9a.o(.ARM.Collect$$$$0000000B)
    __rt_final_cpp                           0x080001e9   Thumb Code     0  entry10a.o(.ARM.Collect$$$$0000000D)
    __rt_final_exit                          0x080001e9   Thumb Code     0  entry11a.o(.ARM.Collect$$$$0000000F)
    Reset_Handler                            0x080001ed   Thumb Code     8  startup_stm32g431xx.o(.text)
    COMP1_2_3_IRQHandler                     0x08000207   Thumb Code     0  startup_stm32g431xx.o(.text)
    COMP4_IRQHandler                         0x08000207   Thumb Code     0  startup_stm32g431xx.o(.text)
    CORDIC_IRQHandler                        0x08000207   Thumb Code     0  startup_stm32g431xx.o(.text)
    CRS_IRQHandler                           0x08000207   Thumb Code     0  startup_stm32g431xx.o(.text)
    DMA1_Channel3_IRQHandler                 0x08000207   Thumb Code     0  startup_stm32g431xx.o(.text)
    DMA1_Channel4_IRQHandler                 0x08000207   Thumb Code     0  startup_stm32g431xx.o(.text)
    DMA1_Channel5_IRQHandler                 0x08000207   Thumb Code     0  startup_stm32g431xx.o(.text)
    DMA1_Channel6_IRQHandler                 0x08000207   Thumb Code     0  startup_stm32g431xx.o(.text)
    DMA2_Channel1_IRQHandler                 0x08000207   Thumb Code     0  startup_stm32g431xx.o(.text)
    DMA2_Channel2_IRQHandler                 0x08000207   Thumb Code     0  startup_stm32g431xx.o(.text)
    DMA2_Channel3_IRQHandler                 0x08000207   Thumb Code     0  startup_stm32g431xx.o(.text)
    DMA2_Channel4_IRQHandler                 0x08000207   Thumb Code     0  startup_stm32g431xx.o(.text)
    DMA2_Channel5_IRQHandler                 0x08000207   Thumb Code     0  startup_stm32g431xx.o(.text)
    DMA2_Channel6_IRQHandler                 0x08000207   Thumb Code     0  startup_stm32g431xx.o(.text)
    DMAMUX_OVR_IRQHandler                    0x08000207   Thumb Code     0  startup_stm32g431xx.o(.text)
    EXTI0_IRQHandler                         0x08000207   Thumb Code     0  startup_stm32g431xx.o(.text)
    EXTI15_10_IRQHandler                     0x08000207   Thumb Code     0  startup_stm32g431xx.o(.text)
    EXTI1_IRQHandler                         0x08000207   Thumb Code     0  startup_stm32g431xx.o(.text)
    EXTI2_IRQHandler                         0x08000207   Thumb Code     0  startup_stm32g431xx.o(.text)
    EXTI3_IRQHandler                         0x08000207   Thumb Code     0  startup_stm32g431xx.o(.text)
    EXTI4_IRQHandler                         0x08000207   Thumb Code     0  startup_stm32g431xx.o(.text)
    EXTI9_5_IRQHandler                       0x08000207   Thumb Code     0  startup_stm32g431xx.o(.text)
    FDCAN1_IT0_IRQHandler                    0x08000207   Thumb Code     0  startup_stm32g431xx.o(.text)
    FDCAN1_IT1_IRQHandler                    0x08000207   Thumb Code     0  startup_stm32g431xx.o(.text)
    FLASH_IRQHandler                         0x08000207   Thumb Code     0  startup_stm32g431xx.o(.text)
    FMAC_IRQHandler                          0x08000207   Thumb Code     0  startup_stm32g431xx.o(.text)
    FPU_IRQHandler                           0x08000207   Thumb Code     0  startup_stm32g431xx.o(.text)
    I2C1_ER_IRQHandler                       0x08000207   Thumb Code     0  startup_stm32g431xx.o(.text)
    I2C1_EV_IRQHandler                       0x08000207   Thumb Code     0  startup_stm32g431xx.o(.text)
    I2C2_ER_IRQHandler                       0x08000207   Thumb Code     0  startup_stm32g431xx.o(.text)
    I2C2_EV_IRQHandler                       0x08000207   Thumb Code     0  startup_stm32g431xx.o(.text)
    I2C3_ER_IRQHandler                       0x08000207   Thumb Code     0  startup_stm32g431xx.o(.text)
    I2C3_EV_IRQHandler                       0x08000207   Thumb Code     0  startup_stm32g431xx.o(.text)
    LPTIM1_IRQHandler                        0x08000207   Thumb Code     0  startup_stm32g431xx.o(.text)
    LPUART1_IRQHandler                       0x08000207   Thumb Code     0  startup_stm32g431xx.o(.text)
    PVD_PVM_IRQHandler                       0x08000207   Thumb Code     0  startup_stm32g431xx.o(.text)
    RCC_IRQHandler                           0x08000207   Thumb Code     0  startup_stm32g431xx.o(.text)
    RNG_IRQHandler                           0x08000207   Thumb Code     0  startup_stm32g431xx.o(.text)
    RTC_Alarm_IRQHandler                     0x08000207   Thumb Code     0  startup_stm32g431xx.o(.text)
    RTC_TAMP_LSECSS_IRQHandler               0x08000207   Thumb Code     0  startup_stm32g431xx.o(.text)
    RTC_WKUP_IRQHandler                      0x08000207   Thumb Code     0  startup_stm32g431xx.o(.text)
    SAI1_IRQHandler                          0x08000207   Thumb Code     0  startup_stm32g431xx.o(.text)
    SPI1_IRQHandler                          0x08000207   Thumb Code     0  startup_stm32g431xx.o(.text)
    SPI2_IRQHandler                          0x08000207   Thumb Code     0  startup_stm32g431xx.o(.text)
    SPI3_IRQHandler                          0x08000207   Thumb Code     0  startup_stm32g431xx.o(.text)
    TIM1_BRK_TIM15_IRQHandler                0x08000207   Thumb Code     0  startup_stm32g431xx.o(.text)
    TIM1_CC_IRQHandler                       0x08000207   Thumb Code     0  startup_stm32g431xx.o(.text)
    TIM1_TRG_COM_TIM17_IRQHandler            0x08000207   Thumb Code     0  startup_stm32g431xx.o(.text)
    TIM1_UP_TIM16_IRQHandler                 0x08000207   Thumb Code     0  startup_stm32g431xx.o(.text)
    TIM2_IRQHandler                          0x08000207   Thumb Code     0  startup_stm32g431xx.o(.text)
    TIM3_IRQHandler                          0x08000207   Thumb Code     0  startup_stm32g431xx.o(.text)
    TIM4_IRQHandler                          0x08000207   Thumb Code     0  startup_stm32g431xx.o(.text)
    TIM6_DAC_IRQHandler                      0x08000207   Thumb Code     0  startup_stm32g431xx.o(.text)
    TIM7_IRQHandler                          0x08000207   Thumb Code     0  startup_stm32g431xx.o(.text)
    TIM8_BRK_IRQHandler                      0x08000207   Thumb Code     0  startup_stm32g431xx.o(.text)
    TIM8_CC_IRQHandler                       0x08000207   Thumb Code     0  startup_stm32g431xx.o(.text)
    TIM8_TRG_COM_IRQHandler                  0x08000207   Thumb Code     0  startup_stm32g431xx.o(.text)
    TIM8_UP_IRQHandler                       0x08000207   Thumb Code     0  startup_stm32g431xx.o(.text)
    UART4_IRQHandler                         0x08000207   Thumb Code     0  startup_stm32g431xx.o(.text)
    UCPD1_IRQHandler                         0x08000207   Thumb Code     0  startup_stm32g431xx.o(.text)
    USART2_IRQHandler                        0x08000207   Thumb Code     0  startup_stm32g431xx.o(.text)
    USART3_IRQHandler                        0x08000207   Thumb Code     0  startup_stm32g431xx.o(.text)
    USBWakeUp_IRQHandler                     0x08000207   Thumb Code     0  startup_stm32g431xx.o(.text)
    USB_HP_IRQHandler                        0x08000207   Thumb Code     0  startup_stm32g431xx.o(.text)
    USB_LP_IRQHandler                        0x08000207   Thumb Code     0  startup_stm32g431xx.o(.text)
    WWDG_IRQHandler                          0x08000207   Thumb Code     0  startup_stm32g431xx.o(.text)
    __aeabi_uldivmod                         0x08000211   Thumb Code    98  uldiv.o(.text)
    __aeabi_memset                           0x08000273   Thumb Code    14  memseta.o(.text)
    __aeabi_memset4                          0x08000273   Thumb Code     0  memseta.o(.text)
    __aeabi_memset8                          0x08000273   Thumb Code     0  memseta.o(.text)
    __aeabi_memclr                           0x08000281   Thumb Code     4  memseta.o(.text)
    __aeabi_memclr4                          0x08000281   Thumb Code     0  memseta.o(.text)
    __aeabi_memclr8                          0x08000281   Thumb Code     0  memseta.o(.text)
    _memset$wrapper                          0x08000285   Thumb Code    18  memseta.o(.text)
    __aeabi_f2d                              0x08000297   Thumb Code    38  f2d.o(.text)
    __aeabi_d2f                              0x080002bd   Thumb Code    56  d2f.o(.text)
    __aeabi_llsl                             0x080002f5   Thumb Code    30  llshl.o(.text)
    _ll_shift_l                              0x080002f5   Thumb Code     0  llshl.o(.text)
    __aeabi_llsr                             0x08000313   Thumb Code    32  llushr.o(.text)
    _ll_ushift_r                             0x08000313   Thumb Code     0  llushr.o(.text)
    __I$use$fp                               0x08000333   Thumb Code     0  iusefp.o(.text)
    _float_round                             0x08000333   Thumb Code    18  fepilogue.o(.text)
    _float_epilogue                          0x08000345   Thumb Code    92  fepilogue.o(.text)
    __aeabi_dadd                             0x080003a1   Thumb Code   322  dadd.o(.text)
    __aeabi_dsub                             0x080004e3   Thumb Code     6  dadd.o(.text)
    __aeabi_drsub                            0x080004e9   Thumb Code     6  dadd.o(.text)
    _drem                                    0x080004ef   Thumb Code   134  drem.o(.text)
    __scatterload                            0x08000575   Thumb Code    28  init.o(.text)
    __scatterload_rt2                        0x08000575   Thumb Code     0  init.o(.text)
    __aeabi_lasr                             0x08000599   Thumb Code    36  llsshr.o(.text)
    _ll_sshift_r                             0x08000599   Thumb Code     0  llsshr.o(.text)
    _double_round                            0x080005bd   Thumb Code    30  depilogue.o(.text)
    _double_epilogue                         0x080005db   Thumb Code   156  depilogue.o(.text)
    __aeabi_ddiv                             0x08000677   Thumb Code   222  ddiv.o(.text)
    arm_cos_f32                              0x08000755   Thumb Code   152  arm_cos_f32.o(.text.arm_cos_f32)
    arm_sin_f32                              0x080007ed   Thumb Code   144  arm_sin_f32.o(.text.arm_sin_f32)
    ADC1_2_IRQHandler                        0x0800087d   Thumb Code     6  stm32g4xx_it.o(i.ADC1_2_IRQHandler)
    ADC_Enable                               0x08000889   Thumb Code   154  stm32g4xx_hal_adc.o(i.ADC_Enable)
    Adcpro                                   0x08000935   Thumb Code   390  motor.o(i.Adcpro)
    Angle_Limit                              0x08000aed   Thumb Code    32  motor.o(i.Angle_Limit)
    BusFault_Handler                         0x08000b0d   Thumb Code     2  stm32g4xx_it.o(i.BusFault_Handler)
    Clark_Park                               0x08000b11   Thumb Code   124  foc.o(i.Clark_Park)
    DMA1_Channel1_IRQHandler                 0x08000b91   Thumb Code     6  stm32g4xx_it.o(i.DMA1_Channel1_IRQHandler)
    DMA1_Channel2_IRQHandler                 0x08000b9d   Thumb Code     6  stm32g4xx_it.o(i.DMA1_Channel2_IRQHandler)
    Data_Init                                0x08000c4d   Thumb Code   482  motor.o(i.Data_Init)
    Data_Treating                            0x08000e99   Thumb Code    62  motor.o(i.Data_Treating)
    DebugMon_Handler                         0x08000eed   Thumb Code     2  stm32g4xx_it.o(i.DebugMon_Handler)
    ElectAngle_Limit                         0x08000ef1   Thumb Code    60  foc.o(i.ElectAngle_Limit)
    ElectAngle_Turn                          0x08000f39   Thumb Code    14  foc.o(i.ElectAngle_Turn)
    Enable_IT                                0x08000f49   Thumb Code   130  start.o(i.Enable_IT)
    Encoderpro                               0x08000fdd   Thumb Code   332  motor.o(i.Encoderpro)
    Error_Handler                            0x08001151   Thumb Code     4  main.o(i.Error_Handler)
    HAL_ADCEx_EndOfSamplingCallback          0x08001155   Thumb Code     2  stm32g4xx_hal_adc_ex.o(i.HAL_ADCEx_EndOfSamplingCallback)
    HAL_ADCEx_InjectedConfigChannel          0x08001159   Thumb Code  1264  stm32g4xx_hal_adc_ex.o(i.HAL_ADCEx_InjectedConfigChannel)
    HAL_ADCEx_InjectedConvCpltCallback       0x08001671   Thumb Code    38  stm32g4xx_it.o(i.HAL_ADCEx_InjectedConvCpltCallback)
    HAL_ADCEx_InjectedQueueOverflowCallback  0x0800169d   Thumb Code     2  stm32g4xx_hal_adc_ex.o(i.HAL_ADCEx_InjectedQueueOverflowCallback)
    HAL_ADCEx_InjectedStart                  0x080016a1   Thumb Code   220  stm32g4xx_hal_adc_ex.o(i.HAL_ADCEx_InjectedStart)
    HAL_ADCEx_LevelOutOfWindow2Callback      0x08001789   Thumb Code     2  stm32g4xx_hal_adc_ex.o(i.HAL_ADCEx_LevelOutOfWindow2Callback)
    HAL_ADCEx_LevelOutOfWindow3Callback      0x0800178b   Thumb Code     2  stm32g4xx_hal_adc_ex.o(i.HAL_ADCEx_LevelOutOfWindow3Callback)
    HAL_ADCEx_MultiModeConfigChannel         0x0800178d   Thumb Code   208  stm32g4xx_hal_adc_ex.o(i.HAL_ADCEx_MultiModeConfigChannel)
    HAL_ADC_ConvCpltCallback                 0x08001865   Thumb Code     2  stm32g4xx_hal_adc.o(i.HAL_ADC_ConvCpltCallback)
    HAL_ADC_ErrorCallback                    0x08001867   Thumb Code     2  stm32g4xx_hal_adc.o(i.HAL_ADC_ErrorCallback)
    HAL_ADC_IRQHandler                       0x08001869   Thumb Code   612  stm32g4xx_hal_adc.o(i.HAL_ADC_IRQHandler)
    HAL_ADC_Init                             0x08001ad5   Thumb Code   466  stm32g4xx_hal_adc.o(i.HAL_ADC_Init)
    HAL_ADC_LevelOutOfWindowCallback         0x08001cc9   Thumb Code     2  stm32g4xx_hal_adc.o(i.HAL_ADC_LevelOutOfWindowCallback)
    HAL_ADC_MspInit                          0x08001ccd   Thumb Code   128  adc.o(i.HAL_ADC_MspInit)
    HAL_DMA_Abort                            0x08001d51   Thumb Code   106  stm32g4xx_hal_dma.o(i.HAL_DMA_Abort)
    HAL_DMA_Abort_IT                         0x08001dbb   Thumb Code   120  stm32g4xx_hal_dma.o(i.HAL_DMA_Abort_IT)
    HAL_DMA_GetError                         0x08001e33   Thumb Code     4  stm32g4xx_hal_dma.o(i.HAL_DMA_GetError)
    HAL_DMA_IRQHandler                       0x08001e37   Thumb Code   186  stm32g4xx_hal_dma.o(i.HAL_DMA_IRQHandler)
    HAL_DMA_Init                             0x08001ef1   Thumb Code   178  stm32g4xx_hal_dma.o(i.HAL_DMA_Init)
    HAL_DMA_Start_IT                         0x08001fb1   Thumb Code   140  stm32g4xx_hal_dma.o(i.HAL_DMA_Start_IT)
    HAL_GPIO_Init                            0x0800203d   Thumb Code   550  stm32g4xx_hal_gpio.o(i.HAL_GPIO_Init)
    HAL_GPIO_WritePin                        0x08002285   Thumb Code    10  stm32g4xx_hal_gpio.o(i.HAL_GPIO_WritePin)
    HAL_GetTick                              0x08002291   Thumb Code     6  stm32g4xx_hal.o(i.HAL_GetTick)
    HAL_IncTick                              0x0800229d   Thumb Code    12  stm32g4xx_hal.o(i.HAL_IncTick)
    HAL_Init                                 0x080022ad   Thumb Code    30  stm32g4xx_hal.o(i.HAL_Init)
    HAL_InitTick                             0x080022cd   Thumb Code    58  stm32g4xx_hal.o(i.HAL_InitTick)
    HAL_MspInit                              0x08002311   Thumb Code    42  stm32g4xx_hal_msp.o(i.HAL_MspInit)
    HAL_NVIC_EnableIRQ                       0x08002341   Thumb Code    26  stm32g4xx_hal_cortex.o(i.HAL_NVIC_EnableIRQ)
    HAL_NVIC_SetPriority                     0x0800235d   Thumb Code    60  stm32g4xx_hal_cortex.o(i.HAL_NVIC_SetPriority)
    HAL_NVIC_SetPriorityGrouping             0x0800239d   Thumb Code    26  stm32g4xx_hal_cortex.o(i.HAL_NVIC_SetPriorityGrouping)
    HAL_PWREx_ControlVoltageScaling          0x080023c1   Thumb Code   174  stm32g4xx_hal_pwr_ex.o(i.HAL_PWREx_ControlVoltageScaling)
    HAL_PWREx_DisableUCPDDeadBattery         0x0800247d   Thumb Code    12  stm32g4xx_hal_pwr_ex.o(i.HAL_PWREx_DisableUCPDDeadBattery)
    HAL_RCCEx_PeriphCLKConfig                0x0800248d   Thumb Code   638  stm32g4xx_hal_rcc_ex.o(i.HAL_RCCEx_PeriphCLKConfig)
    HAL_RCC_ClockConfig                      0x08002715   Thumb Code   444  stm32g4xx_hal_rcc.o(i.HAL_RCC_ClockConfig)
    HAL_RCC_GetPCLK1Freq                     0x080028f1   Thumb Code    24  stm32g4xx_hal_rcc.o(i.HAL_RCC_GetPCLK1Freq)
    HAL_RCC_GetPCLK2Freq                     0x08002915   Thumb Code    24  stm32g4xx_hal_rcc.o(i.HAL_RCC_GetPCLK2Freq)
    HAL_RCC_GetSysClockFreq                  0x08002939   Thumb Code    98  stm32g4xx_hal_rcc.o(i.HAL_RCC_GetSysClockFreq)
    HAL_RCC_OscConfig                        0x080029a5   Thumb Code  1028  stm32g4xx_hal_rcc.o(i.HAL_RCC_OscConfig)
    HAL_SPI_Init                             0x08002da9   Thumb Code   234  stm32g4xx_hal_spi.o(i.HAL_SPI_Init)
    HAL_SPI_MspInit                          0x08002e95   Thumb Code   112  spi.o(i.HAL_SPI_MspInit)
    HAL_SPI_TransmitReceive                  0x08002f0d   Thumb Code   620  stm32g4xx_hal_spi.o(i.HAL_SPI_TransmitReceive)
    HAL_SYSTICK_Config                       0x08003179   Thumb Code    40  stm32g4xx_hal_cortex.o(i.HAL_SYSTICK_Config)
    HAL_TIMEx_ConfigBreakDeadTime            0x080031a1   Thumb Code   148  stm32g4xx_hal_tim_ex.o(i.HAL_TIMEx_ConfigBreakDeadTime)
    HAL_TIMEx_MasterConfigSynchronization    0x0800323d   Thumb Code   132  stm32g4xx_hal_tim_ex.o(i.HAL_TIMEx_MasterConfigSynchronization)
    HAL_TIMEx_PWMN_Start                     0x080032d9   Thumb Code   158  stm32g4xx_hal_tim_ex.o(i.HAL_TIMEx_PWMN_Start)
    HAL_TIM_Base_Init                        0x08003391   Thumb Code    98  stm32g4xx_hal_tim.o(i.HAL_TIM_Base_Init)
    HAL_TIM_Base_MspInit                     0x080033f5   Thumb Code    30  tim.o(i.HAL_TIM_Base_MspInit)
    HAL_TIM_Base_Start                       0x0800341d   Thumb Code    84  stm32g4xx_hal_tim.o(i.HAL_TIM_Base_Start)
    HAL_TIM_ConfigClockSource                0x08003489   Thumb Code   246  stm32g4xx_hal_tim.o(i.HAL_TIM_ConfigClockSource)
    HAL_TIM_MspPostInit                      0x08003589   Thumb Code   136  tim.o(i.HAL_TIM_MspPostInit)
    HAL_TIM_PWM_ConfigChannel                0x0800361d   Thumb Code   292  stm32g4xx_hal_tim.o(i.HAL_TIM_PWM_ConfigChannel)
    HAL_TIM_PWM_Init                         0x08003741   Thumb Code    98  stm32g4xx_hal_tim.o(i.HAL_TIM_PWM_Init)
    HAL_TIM_PWM_MspInit                      0x080037a3   Thumb Code     2  stm32g4xx_hal_tim.o(i.HAL_TIM_PWM_MspInit)
    HAL_TIM_PWM_Start                        0x080037a5   Thumb Code   218  stm32g4xx_hal_tim.o(i.HAL_TIM_PWM_Start)
    HAL_UARTEx_DisableFifoMode               0x080038a1   Thumb Code    62  stm32g4xx_hal_uart_ex.o(i.HAL_UARTEx_DisableFifoMode)
    HAL_UARTEx_RxEventCallback               0x080038df   Thumb Code     2  stm32g4xx_hal_uart.o(i.HAL_UARTEx_RxEventCallback)
    HAL_UARTEx_RxFifoFullCallback            0x080038e1   Thumb Code     2  stm32g4xx_hal_uart_ex.o(i.HAL_UARTEx_RxFifoFullCallback)
    HAL_UARTEx_SetRxFifoThreshold            0x080038e3   Thumb Code    76  stm32g4xx_hal_uart_ex.o(i.HAL_UARTEx_SetRxFifoThreshold)
    HAL_UARTEx_SetTxFifoThreshold            0x0800392f   Thumb Code    76  stm32g4xx_hal_uart_ex.o(i.HAL_UARTEx_SetTxFifoThreshold)
    HAL_UARTEx_TxFifoEmptyCallback           0x0800397b   Thumb Code     2  stm32g4xx_hal_uart_ex.o(i.HAL_UARTEx_TxFifoEmptyCallback)
    HAL_UARTEx_WakeupCallback                0x0800397d   Thumb Code     2  stm32g4xx_hal_uart_ex.o(i.HAL_UARTEx_WakeupCallback)
    HAL_UART_DMAStop                         0x0800397f   Thumb Code   148  stm32g4xx_hal_uart.o(i.HAL_UART_DMAStop)
    HAL_UART_ErrorCallback                   0x08003a13   Thumb Code     2  stm32g4xx_hal_uart.o(i.HAL_UART_ErrorCallback)
    HAL_UART_IRQHandler                      0x08003a15   Thumb Code   766  stm32g4xx_hal_uart.o(i.HAL_UART_IRQHandler)
    HAL_UART_Init                            0x08003d21   Thumb Code   106  stm32g4xx_hal_uart.o(i.HAL_UART_Init)
    HAL_UART_MspInit                         0x08003d8d   Thumb Code   220  usart.o(i.HAL_UART_MspInit)
    HAL_UART_Receive_DMA                     0x08003e7d   Thumb Code    66  stm32g4xx_hal_uart.o(i.HAL_UART_Receive_DMA)
    HAL_UART_RxCpltCallback                  0x08003ec5   Thumb Code     2  stm32g4xx_it.o(i.HAL_UART_RxCpltCallback)
    HAL_UART_RxHalfCpltCallback              0x08003ec7   Thumb Code     2  stm32g4xx_hal_uart.o(i.HAL_UART_RxHalfCpltCallback)
    HAL_UART_Transmit_DMA                    0x08003ec9   Thumb Code   132  stm32g4xx_hal_uart.o(i.HAL_UART_Transmit_DMA)
    HAL_UART_TxCpltCallback                  0x08003f59   Thumb Code     2  stm32g4xx_hal_uart.o(i.HAL_UART_TxCpltCallback)
    HAL_UART_TxHalfCpltCallback              0x08003f5b   Thumb Code     2  stm32g4xx_hal_uart.o(i.HAL_UART_TxHalfCpltCallback)
    HardFault_Handler                        0x08003f5d   Thumb Code     2  stm32g4xx_it.o(i.HardFault_Handler)
    Low_pass_Filter                          0x08003fc9   Thumb Code    34  motor.o(i.Low_pass_Filter)
    MT6701_ReadRaw                           0x0800402d   Thumb Code    24  mt6701.o(i.MT6701_ReadRaw)
    MX_ADC1_Init                             0x08004045   Thumb Code   236  adc.o(i.MX_ADC1_Init)
    MX_DMA_Init                              0x08004145   Thumb Code    72  dma.o(i.MX_DMA_Init)
    MX_GPIO_Init                             0x08004191   Thumb Code   156  gpio.o(i.MX_GPIO_Init)
    MX_SPI1_Init                             0x08004235   Thumb Code    70  spi.o(i.MX_SPI1_Init)
    MX_TIM1_Init                             0x08004285   Thumb Code   284  tim.o(i.MX_TIM1_Init)
    MX_USART1_UART_Init                      0x080043a9   Thumb Code    94  usart.o(i.MX_USART1_UART_Init)
    MemManage_Handler                        0x08004411   Thumb Code     2  stm32g4xx_it.o(i.MemManage_Handler)
    Modepro                                  0x08004415   Thumb Code   216  motor.o(i.Modepro)
    NMI_Handler                              0x0800450d   Thumb Code     2  stm32g4xx_it.o(i.NMI_Handler)
    PID_I_Control                            0x0800450f   Thumb Code   226  pid.o(i.PID_I_Control)
    PID_Position_Control                     0x080045f1   Thumb Code   180  pid.o(i.PID_Position_Control)
    PID_Speed_Control                        0x080046b1   Thumb Code   292  pid.o(i.PID_Speed_Control)
    PendSV_Handler                           0x080047e5   Thumb Code     2  stm32g4xx_it.o(i.PendSV_Handler)
    SVC_Handler                              0x080049c9   Thumb Code     2  stm32g4xx_it.o(i.SVC_Handler)
    SVPWM                                    0x080049cd   Thumb Code   812  foc.o(i.SVPWM)
    SysTick_Handler                          0x08004d09   Thumb Code     4  stm32g4xx_it.o(i.SysTick_Handler)
    SystemClock_Config                       0x08004d0d   Thumb Code   100  main.o(i.SystemClock_Config)
    SystemInit                               0x08004d71   Thumb Code    12  system_stm32g4xx.o(i.SystemInit)
    TIM_Base_SetConfig                       0x08004d81   Thumb Code   160  stm32g4xx_hal_tim.o(i.TIM_Base_SetConfig)
    TIM_CCxChannelCmd                        0x08004e3d   Thumb Code    26  stm32g4xx_hal_tim.o(i.TIM_CCxChannelCmd)
    TIM_ETR_SetConfig                        0x08004e71   Thumb Code    20  stm32g4xx_hal_tim.o(i.TIM_ETR_SetConfig)
    TIM_OC2_SetConfig                        0x08004f35   Thumb Code   120  stm32g4xx_hal_tim.o(i.TIM_OC2_SetConfig)
    UART_AdvFeatureConfig                    0x08005251   Thumb Code   200  stm32g4xx_hal_uart.o(i.UART_AdvFeatureConfig)
    UART_CheckIdleState                      0x08005319   Thumb Code   172  stm32g4xx_hal_uart.o(i.UART_CheckIdleState)
    UART_SetConfig                           0x080055a1   Thumb Code   582  stm32g4xx_hal_uart.o(i.UART_SetConfig)
    UART_Start_Receive_DMA                   0x08005815   Thumb Code   156  stm32g4xx_hal_uart.o(i.UART_Start_Receive_DMA)
    UART_WaitOnFlagUntilTimeout              0x080058bd   Thumb Code   148  stm32g4xx_hal_uart.o(i.UART_WaitOnFlagUntilTimeout)
    USART1_IRQHandler                        0x08005951   Thumb Code    70  stm32g4xx_it.o(i.USART1_IRQHandler)
    UsageFault_Handler                       0x080059a9   Thumb Code     2  stm32g4xx_it.o(i.UsageFault_Handler)
    __hardfp_fmod                            0x080059cd   Thumb Code   254  fmod.o(i.__hardfp_fmod)
    __hardfp_sqrtf                           0x08005ad1   Thumb Code    58  sqrtf.o(i.__hardfp_sqrtf)
    __mathlib_dbl_invalid                    0x08005b11   Thumb Code    24  dunder.o(i.__mathlib_dbl_invalid)
    __scatterload_copy                       0x08005b31   Thumb Code    14  handlers.o(i.__scatterload_copy)
    __scatterload_null                       0x08005b3f   Thumb Code     2  handlers.o(i.__scatterload_null)
    __scatterload_zeroinit                   0x08005b41   Thumb Code    14  handlers.o(i.__scatterload_zeroinit)
    __set_errno                              0x08005b51   Thumb Code     6  errno.o(i.__set_errno)
    main                                     0x08005b5d   Thumb Code    38  main.o(i.main)
    UARTPrescTable                           0x08005b82   Data          24  stm32g4xx_hal_uart.o(.constdata)
    AHBPrescTable                            0x08005baa   Data          16  system_stm32g4xx.o(.constdata)
    APBPrescTable                            0x08005bba   Data           8  system_stm32g4xx.o(.constdata)
    sinTable_f32                             0x08005bc4   Data        2052  arm_common_tables.o(.rodata.sinTable_f32)
    Region$$Table$$Base                      0x080063c8   Number         0  anon$$obj.o(Region$$Table)
    Region$$Table$$Limit                     0x080063e8   Number         0  anon$$obj.o(Region$$Table)
    ADC1InjectDate                           0x20000000   Data           8  main.o(.data)
    allflag                                  0x20000008   Data           5  main.o(.data)
    Motor                                    0x20000010   Data           8  main.o(.data)
    Adc_FilterA                              0x20000018   Data           8  main.o(.data)
    Adc_FilterB                              0x20000020   Data           8  main.o(.data)
    Adc_FilterC                              0x20000028   Data           8  main.o(.data)
    Speed_LowPass                            0x20000030   Data           8  main.o(.data)
    Speed_LowPass1                           0x20000038   Data           8  main.o(.data)
    rx_len                                   0x20000040   Data           1  start.o(.data)
    theta                                    0x20000044   Data           4  motor.o(.data)
    uwTickPrio                               0x20000048   Data           4  stm32g4xx_hal.o(.data)
    uwTickFreq                               0x2000004c   Data           4  stm32g4xx_hal.o(.data)
    uwTick                                   0x20000050   Data           4  stm32g4xx_hal.o(.data)
    SystemCoreClock                          0x20000054   Data           4  system_stm32g4xx.o(.data)
    adcvalue                                 0x2000005c   Data          60  main.o(.bss)
    svpwm_str                                0x20000098   Data          76  main.o(.bss)
    encoder_str                              0x200000e4   Data          56  main.o(.bss)
    pid_m1                                   0x2000011c   Data         140  main.o(.bss)
    hadc1                                    0x200001a8   Data         108  adc.o(.bss)
    hspi1                                    0x20000214   Data         100  spi.o(.bss)
    htim1                                    0x20000278   Data          76  tim.o(.bss)
    huart1                                   0x200002c4   Data         148  usart.o(.bss)
    hdma_usart1_tx                           0x20000358   Data          96  usart.o(.bss)
    hdma_usart1_rx                           0x200003b8   Data          96  usart.o(.bss)
    rx_buffer                                0x20000418   Data         100  start.o(.bss)
    __initial_sp                             0x20000880   Data           0  startup_stm32g431xx.o(STACK)



==============================================================================

Memory Map of the image

  Image Entry point : 0x080001d9

  Load Region LR_IROM1 (Base: 0x08000000, Size: 0x00006444, Max: 0x00020000, ABSOLUTE)

    Execution Region ER_IROM1 (Exec base: 0x08000000, Load base: 0x08000000, Size: 0x000063e8, Max: 0x00020000, ABSOLUTE)

    Exec Addr    Load Addr    Size         Type   Attr      Idx    E Section Name        Object

    0x08000000   0x08000000   0x000001d8   Data   RO            3    RESET               startup_stm32g431xx.o
    0x080001d8   0x080001d8   0x00000000   Code   RO         5058  * .ARM.Collect$$$$00000000  mc_w.l(entry.o)
    0x080001d8   0x080001d8   0x00000004   Code   RO         5083    .ARM.Collect$$$$00000001  mc_w.l(entry2.o)
    0x080001dc   0x080001dc   0x00000004   Code   RO         5086    .ARM.Collect$$$$00000004  mc_w.l(entry5.o)
    0x080001e0   0x080001e0   0x00000000   Code   RO         5088    .ARM.Collect$$$$00000008  mc_w.l(entry7b.o)
    0x080001e0   0x080001e0   0x00000000   Code   RO         5090    .ARM.Collect$$$$0000000A  mc_w.l(entry8b.o)
    0x080001e0   0x080001e0   0x00000008   Code   RO         5091    .ARM.Collect$$$$0000000B  mc_w.l(entry9a.o)
    0x080001e8   0x080001e8   0x00000000   Code   RO         5093    .ARM.Collect$$$$0000000D  mc_w.l(entry10a.o)
    0x080001e8   0x080001e8   0x00000000   Code   RO         5095    .ARM.Collect$$$$0000000F  mc_w.l(entry11a.o)
    0x080001e8   0x080001e8   0x00000004   Code   RO         5084    .ARM.Collect$$$$00002712  mc_w.l(entry2.o)
    0x080001ec   0x080001ec   0x00000024   Code   RO            4    .text               startup_stm32g431xx.o
    0x08000210   0x08000210   0x00000062   Code   RO         5061    .text               mc_w.l(uldiv.o)
    0x08000272   0x08000272   0x00000024   Code   RO         5063    .text               mc_w.l(memseta.o)
    0x08000296   0x08000296   0x00000026   Code   RO         5065    .text               mf_w.l(f2d.o)
    0x080002bc   0x080002bc   0x00000038   Code   RO         5067    .text               mf_w.l(d2f.o)
    0x080002f4   0x080002f4   0x0000001e   Code   RO         5097    .text               mc_w.l(llshl.o)
    0x08000312   0x08000312   0x00000020   Code   RO         5099    .text               mc_w.l(llushr.o)
    0x08000332   0x08000332   0x00000000   Code   RO         5108    .text               mc_w.l(iusefp.o)
    0x08000332   0x08000332   0x0000006e   Code   RO         5109    .text               mf_w.l(fepilogue.o)
    0x080003a0   0x080003a0   0x0000014e   Code   RO         5111    .text               mf_w.l(dadd.o)
    0x080004ee   0x080004ee   0x00000086   Code   RO         5113    .text               mf_w.l(drem.o)
    0x08000574   0x08000574   0x00000024   Code   RO         5115    .text               mc_w.l(init.o)
    0x08000598   0x08000598   0x00000024   Code   RO         5117    .text               mc_w.l(llsshr.o)
    0x080005bc   0x080005bc   0x000000ba   Code   RO         5119    .text               mf_w.l(depilogue.o)
    0x08000676   0x08000676   0x000000de   Code   RO         5123    .text               mf_w.l(ddiv.o)
    0x08000754   0x08000754   0x00000098   Code   RO         4897    .text.arm_cos_f32   arm_cortexM4lf_math.lib(arm_cos_f32.o)
    0x080007ec   0x080007ec   0x00000090   Code   RO         4906    .text.arm_sin_f32   arm_cortexM4lf_math.lib(arm_sin_f32.o)
    0x0800087c   0x0800087c   0x0000000c   Code   RO          480    i.ADC1_2_IRQHandler  stm32g4xx_it.o
    0x08000888   0x08000888   0x000000ac   Code   RO          892    i.ADC_Enable        stm32g4xx_hal_adc.o
    0x08000934   0x08000934   0x000001b8   Code   RO          768    i.Adcpro            motor.o
    0x08000aec   0x08000aec   0x00000020   Code   RO          769    i.Angle_Limit       motor.o
    0x08000b0c   0x08000b0c   0x00000002   Code   RO          481    i.BusFault_Handler  stm32g4xx_it.o
    0x08000b0e   0x08000b0e   0x00000002   PAD
    0x08000b10   0x08000b10   0x00000080   Code   RO          652    i.Clark_Park        foc.o
    0x08000b90   0x08000b90   0x0000000c   Code   RO          482    i.DMA1_Channel1_IRQHandler  stm32g4xx_it.o
    0x08000b9c   0x08000b9c   0x0000000c   Code   RO          483    i.DMA1_Channel2_IRQHandler  stm32g4xx_it.o
    0x08000ba8   0x08000ba8   0x00000040   Code   RO         2185    i.DMA_CalcDMAMUXChannelBaseAndMask  stm32g4xx_hal_dma.o
    0x08000be8   0x08000be8   0x00000024   Code   RO         2186    i.DMA_CalcDMAMUXRequestGenBaseAndMask  stm32g4xx_hal_dma.o
    0x08000c0c   0x08000c0c   0x0000003e   Code   RO         2187    i.DMA_SetConfig     stm32g4xx_hal_dma.o
    0x08000c4a   0x08000c4a   0x00000002   PAD
    0x08000c4c   0x08000c4c   0x0000024c   Code   RO          770    i.Data_Init         motor.o
    0x08000e98   0x08000e98   0x00000054   Code   RO          771    i.Data_Treating     motor.o
    0x08000eec   0x08000eec   0x00000002   Code   RO          484    i.DebugMon_Handler  stm32g4xx_it.o
    0x08000eee   0x08000eee   0x00000002   PAD
    0x08000ef0   0x08000ef0   0x00000048   Code   RO          653    i.ElectAngle_Limit  foc.o
    0x08000f38   0x08000f38   0x0000000e   Code   RO          654    i.ElectAngle_Turn   foc.o
    0x08000f46   0x08000f46   0x00000002   PAD
    0x08000f48   0x08000f48   0x00000094   Code   RO          620    i.Enable_IT         start.o
    0x08000fdc   0x08000fdc   0x00000174   Code   RO          772    i.Encoderpro        motor.o
    0x08001150   0x08001150   0x00000004   Code   RO           13    i.Error_Handler     main.o
    0x08001154   0x08001154   0x00000002   Code   RO         1129    i.HAL_ADCEx_EndOfSamplingCallback  stm32g4xx_hal_adc_ex.o
    0x08001156   0x08001156   0x00000002   PAD
    0x08001158   0x08001158   0x00000518   Code   RO         1131    i.HAL_ADCEx_InjectedConfigChannel  stm32g4xx_hal_adc_ex.o
    0x08001670   0x08001670   0x0000002c   Code   RO          485    i.HAL_ADCEx_InjectedConvCpltCallback  stm32g4xx_it.o
    0x0800169c   0x0800169c   0x00000002   Code   RO         1135    i.HAL_ADCEx_InjectedQueueOverflowCallback  stm32g4xx_hal_adc_ex.o
    0x0800169e   0x0800169e   0x00000002   PAD
    0x080016a0   0x080016a0   0x000000e8   Code   RO         1136    i.HAL_ADCEx_InjectedStart  stm32g4xx_hal_adc_ex.o
    0x08001788   0x08001788   0x00000002   Code   RO         1140    i.HAL_ADCEx_LevelOutOfWindow2Callback  stm32g4xx_hal_adc_ex.o
    0x0800178a   0x0800178a   0x00000002   Code   RO         1141    i.HAL_ADCEx_LevelOutOfWindow3Callback  stm32g4xx_hal_adc_ex.o
    0x0800178c   0x0800178c   0x000000d8   Code   RO         1142    i.HAL_ADCEx_MultiModeConfigChannel  stm32g4xx_hal_adc_ex.o
    0x08001864   0x08001864   0x00000002   Code   RO          895    i.HAL_ADC_ConvCpltCallback  stm32g4xx_hal_adc.o
    0x08001866   0x08001866   0x00000002   Code   RO          898    i.HAL_ADC_ErrorCallback  stm32g4xx_hal_adc.o
    0x08001868   0x08001868   0x0000026c   Code   RO          902    i.HAL_ADC_IRQHandler  stm32g4xx_hal_adc.o
    0x08001ad4   0x08001ad4   0x000001f4   Code   RO          903    i.HAL_ADC_Init      stm32g4xx_hal_adc.o
    0x08001cc8   0x08001cc8   0x00000002   Code   RO          904    i.HAL_ADC_LevelOutOfWindowCallback  stm32g4xx_hal_adc.o
    0x08001cca   0x08001cca   0x00000002   PAD
    0x08001ccc   0x08001ccc   0x00000084   Code   RO          271    i.HAL_ADC_MspInit   adc.o
    0x08001d50   0x08001d50   0x0000006a   Code   RO         2188    i.HAL_DMA_Abort     stm32g4xx_hal_dma.o
    0x08001dba   0x08001dba   0x00000078   Code   RO         2189    i.HAL_DMA_Abort_IT  stm32g4xx_hal_dma.o
    0x08001e32   0x08001e32   0x00000004   Code   RO         2191    i.HAL_DMA_GetError  stm32g4xx_hal_dma.o
    0x08001e36   0x08001e36   0x000000ba   Code   RO         2193    i.HAL_DMA_IRQHandler  stm32g4xx_hal_dma.o
    0x08001ef0   0x08001ef0   0x000000c0   Code   RO         2194    i.HAL_DMA_Init      stm32g4xx_hal_dma.o
    0x08001fb0   0x08001fb0   0x0000008c   Code   RO         2198    i.HAL_DMA_Start_IT  stm32g4xx_hal_dma.o
    0x0800203c   0x0800203c   0x00000248   Code   RO         2050    i.HAL_GPIO_Init     stm32g4xx_hal_gpio.o
    0x08002284   0x08002284   0x0000000a   Code   RO         2054    i.HAL_GPIO_WritePin  stm32g4xx_hal_gpio.o
    0x0800228e   0x0800228e   0x00000002   PAD
    0x08002290   0x08002290   0x0000000c   Code   RO         1345    i.HAL_GetTick       stm32g4xx_hal.o
    0x0800229c   0x0800229c   0x00000010   Code   RO         1351    i.HAL_IncTick       stm32g4xx_hal.o
    0x080022ac   0x080022ac   0x0000001e   Code   RO         1352    i.HAL_Init          stm32g4xx_hal.o
    0x080022ca   0x080022ca   0x00000002   PAD
    0x080022cc   0x080022cc   0x00000044   Code   RO         1353    i.HAL_InitTick      stm32g4xx_hal.o
    0x08002310   0x08002310   0x00000030   Code   RO          596    i.HAL_MspInit       stm32g4xx_hal_msp.o
    0x08002340   0x08002340   0x0000001a   Code   RO         2697    i.HAL_NVIC_EnableIRQ  stm32g4xx_hal_cortex.o
    0x0800235a   0x0800235a   0x00000002   PAD
    0x0800235c   0x0800235c   0x00000040   Code   RO         2703    i.HAL_NVIC_SetPriority  stm32g4xx_hal_cortex.o
    0x0800239c   0x0800239c   0x00000024   Code   RO         2704    i.HAL_NVIC_SetPriorityGrouping  stm32g4xx_hal_cortex.o
    0x080023c0   0x080023c0   0x000000bc   Code   RO         2453    i.HAL_PWREx_ControlVoltageScaling  stm32g4xx_hal_pwr_ex.o
    0x0800247c   0x0800247c   0x00000010   Code   RO         2465    i.HAL_PWREx_DisableUCPDDeadBattery  stm32g4xx_hal_pwr_ex.o
    0x0800248c   0x0800248c   0x00000288   Code   RO         1712    i.HAL_RCCEx_PeriphCLKConfig  stm32g4xx_hal_rcc_ex.o
    0x08002714   0x08002714   0x000001dc   Code   RO         1587    i.HAL_RCC_ClockConfig  stm32g4xx_hal_rcc.o
    0x080028f0   0x080028f0   0x00000024   Code   RO         1595    i.HAL_RCC_GetPCLK1Freq  stm32g4xx_hal_rcc.o
    0x08002914   0x08002914   0x00000024   Code   RO         1596    i.HAL_RCC_GetPCLK2Freq  stm32g4xx_hal_rcc.o
    0x08002938   0x08002938   0x0000006c   Code   RO         1597    i.HAL_RCC_GetSysClockFreq  stm32g4xx_hal_rcc.o
    0x080029a4   0x080029a4   0x00000404   Code   RO         1600    i.HAL_RCC_OscConfig  stm32g4xx_hal_rcc.o
    0x08002da8   0x08002da8   0x000000ea   Code   RO         2838    i.HAL_SPI_Init      stm32g4xx_hal_spi.o
    0x08002e92   0x08002e92   0x00000002   PAD
    0x08002e94   0x08002e94   0x00000078   Code   RO          337    i.HAL_SPI_MspInit   spi.o
    0x08002f0c   0x08002f0c   0x0000026c   Code   RO         2847    i.HAL_SPI_TransmitReceive  stm32g4xx_hal_spi.o
    0x08003178   0x08003178   0x00000028   Code   RO         2708    i.HAL_SYSTICK_Config  stm32g4xx_hal_cortex.o
    0x080031a0   0x080031a0   0x0000009c   Code   RO         3899    i.HAL_TIMEx_ConfigBreakDeadTime  stm32g4xx_hal_tim_ex.o
    0x0800323c   0x0800323c   0x0000009c   Code   RO         3936    i.HAL_TIMEx_MasterConfigSynchronization  stm32g4xx_hal_tim_ex.o
    0x080032d8   0x080032d8   0x000000b8   Code   RO         3948    i.HAL_TIMEx_PWMN_Start  stm32g4xx_hal_tim_ex.o
    0x08003390   0x08003390   0x00000062   Code   RO         3180    i.HAL_TIM_Base_Init  stm32g4xx_hal_tim.o
    0x080033f2   0x080033f2   0x00000002   PAD
    0x080033f4   0x080033f4   0x00000028   Code   RO          379    i.HAL_TIM_Base_MspInit  tim.o
    0x0800341c   0x0800341c   0x0000006c   Code   RO         3183    i.HAL_TIM_Base_Start  stm32g4xx_hal_tim.o
    0x08003488   0x08003488   0x00000100   Code   RO         3189    i.HAL_TIM_ConfigClockSource  stm32g4xx_hal_tim.o
    0x08003588   0x08003588   0x00000094   Code   RO          380    i.HAL_TIM_MspPostInit  tim.o
    0x0800361c   0x0800361c   0x00000124   Code   RO         3252    i.HAL_TIM_PWM_ConfigChannel  stm32g4xx_hal_tim.o
    0x08003740   0x08003740   0x00000062   Code   RO         3255    i.HAL_TIM_PWM_Init  stm32g4xx_hal_tim.o
    0x080037a2   0x080037a2   0x00000002   Code   RO         3257    i.HAL_TIM_PWM_MspInit  stm32g4xx_hal_tim.o
    0x080037a4   0x080037a4   0x000000fc   Code   RO         3260    i.HAL_TIM_PWM_Start  stm32g4xx_hal_tim.o
    0x080038a0   0x080038a0   0x0000003e   Code   RO         4743    i.HAL_UARTEx_DisableFifoMode  stm32g4xx_hal_uart_ex.o
    0x080038de   0x080038de   0x00000002   Code   RO         4332    i.HAL_UARTEx_RxEventCallback  stm32g4xx_hal_uart.o
    0x080038e0   0x080038e0   0x00000002   Code   RO         4751    i.HAL_UARTEx_RxFifoFullCallback  stm32g4xx_hal_uart_ex.o
    0x080038e2   0x080038e2   0x0000004c   Code   RO         4752    i.HAL_UARTEx_SetRxFifoThreshold  stm32g4xx_hal_uart_ex.o
    0x0800392e   0x0800392e   0x0000004c   Code   RO         4753    i.HAL_UARTEx_SetTxFifoThreshold  stm32g4xx_hal_uart_ex.o
    0x0800397a   0x0800397a   0x00000002   Code   RO         4755    i.HAL_UARTEx_TxFifoEmptyCallback  stm32g4xx_hal_uart_ex.o
    0x0800397c   0x0800397c   0x00000002   Code   RO         4756    i.HAL_UARTEx_WakeupCallback  stm32g4xx_hal_uart_ex.o
    0x0800397e   0x0800397e   0x00000094   Code   RO         4344    i.HAL_UART_DMAStop  stm32g4xx_hal_uart.o
    0x08003a12   0x08003a12   0x00000002   Code   RO         4348    i.HAL_UART_ErrorCallback  stm32g4xx_hal_uart.o
    0x08003a14   0x08003a14   0x0000030c   Code   RO         4351    i.HAL_UART_IRQHandler  stm32g4xx_hal_uart.o
    0x08003d20   0x08003d20   0x0000006a   Code   RO         4352    i.HAL_UART_Init     stm32g4xx_hal_uart.o
    0x08003d8a   0x08003d8a   0x00000002   PAD
    0x08003d8c   0x08003d8c   0x000000f0   Code   RO          427    i.HAL_UART_MspInit  usart.o
    0x08003e7c   0x08003e7c   0x00000048   Code   RO         4356    i.HAL_UART_Receive_DMA  stm32g4xx_hal_uart.o
    0x08003ec4   0x08003ec4   0x00000002   Code   RO          486    i.HAL_UART_RxCpltCallback  stm32g4xx_it.o
    0x08003ec6   0x08003ec6   0x00000002   Code   RO         4360    i.HAL_UART_RxHalfCpltCallback  stm32g4xx_hal_uart.o
    0x08003ec8   0x08003ec8   0x00000090   Code   RO         4362    i.HAL_UART_Transmit_DMA  stm32g4xx_hal_uart.o
    0x08003f58   0x08003f58   0x00000002   Code   RO         4364    i.HAL_UART_TxCpltCallback  stm32g4xx_hal_uart.o
    0x08003f5a   0x08003f5a   0x00000002   Code   RO         4365    i.HAL_UART_TxHalfCpltCallback  stm32g4xx_hal_uart.o
    0x08003f5c   0x08003f5c   0x00000002   Code   RO          487    i.HardFault_Handler  stm32g4xx_it.o
    0x08003f5e   0x08003f5e   0x0000000c   Code   RO         1150    i.LL_ADC_GetOffsetChannel  stm32g4xx_hal_adc_ex.o
    0x08003f6a   0x08003f6a   0x00000008   Code   RO          918    i.LL_ADC_INJ_IsConversionOngoing  stm32g4xx_hal_adc.o
    0x08003f72   0x08003f72   0x00000008   Code   RO         1151    i.LL_ADC_INJ_IsConversionOngoing  stm32g4xx_hal_adc_ex.o
    0x08003f7a   0x08003f7a   0x00000008   Code   RO          919    i.LL_ADC_REG_IsConversionOngoing  stm32g4xx_hal_adc.o
    0x08003f82   0x08003f82   0x00000008   Code   RO         1152    i.LL_ADC_REG_IsConversionOngoing  stm32g4xx_hal_adc_ex.o
    0x08003f8a   0x08003f8a   0x00000010   Code   RO          920    i.LL_ADC_REG_IsTriggerSourceSWStart  stm32g4xx_hal_adc.o
    0x08003f9a   0x08003f9a   0x0000001e   Code   RO         1153    i.LL_ADC_SetChannelSamplingTime  stm32g4xx_hal_adc_ex.o
    0x08003fb8   0x08003fb8   0x00000010   Code   RO         1154    i.LL_ADC_SetOffsetState  stm32g4xx_hal_adc_ex.o
    0x08003fc8   0x08003fc8   0x00000022   Code   RO          773    i.Low_pass_Filter   motor.o
    0x08003fea   0x08003fea   0x00000002   PAD
    0x08003fec   0x08003fec   0x00000040   Code   RO          837    i.MT6701_Read       mt6701.o
    0x0800402c   0x0800402c   0x00000018   Code   RO          840    i.MT6701_ReadRaw    mt6701.o
    0x08004044   0x08004044   0x00000100   Code   RO          272    i.MX_ADC1_Init      adc.o
    0x08004144   0x08004144   0x0000004c   Code   RO          312    i.MX_DMA_Init       dma.o
    0x08004190   0x08004190   0x000000a4   Code   RO          246    i.MX_GPIO_Init      gpio.o
    0x08004234   0x08004234   0x00000050   Code   RO          338    i.MX_SPI1_Init      spi.o
    0x08004284   0x08004284   0x00000124   Code   RO          381    i.MX_TIM1_Init      tim.o
    0x080043a8   0x080043a8   0x00000068   Code   RO          428    i.MX_USART1_UART_Init  usart.o
    0x08004410   0x08004410   0x00000002   Code   RO          488    i.MemManage_Handler  stm32g4xx_it.o
    0x08004412   0x08004412   0x00000002   PAD
    0x08004414   0x08004414   0x000000f8   Code   RO          774    i.Modepro           motor.o
    0x0800450c   0x0800450c   0x00000002   Code   RO          489    i.NMI_Handler       stm32g4xx_it.o
    0x0800450e   0x0800450e   0x000000e2   Code   RO          697    i.PID_I_Control     pid.o
    0x080045f0   0x080045f0   0x000000c0   Code   RO          698    i.PID_Position_Control  pid.o
    0x080046b0   0x080046b0   0x00000134   Code   RO          699    i.PID_Speed_Control  pid.o
    0x080047e4   0x080047e4   0x00000002   Code   RO          490    i.PendSV_Handler    stm32g4xx_it.o
    0x080047e6   0x080047e6   0x00000048   Code   RO         2876    i.SPI_EndRxTxTransaction  stm32g4xx_hal_spi.o
    0x0800482e   0x0800482e   0x00000002   PAD
    0x08004830   0x08004830   0x000000e0   Code   RO         2881    i.SPI_WaitFifoStateUntilTimeout  stm32g4xx_hal_spi.o
    0x08004910   0x08004910   0x000000b8   Code   RO         2882    i.SPI_WaitFlagStateUntilTimeout  stm32g4xx_hal_spi.o
    0x080049c8   0x080049c8   0x00000002   Code   RO          491    i.SVC_Handler       stm32g4xx_it.o
    0x080049ca   0x080049ca   0x00000002   PAD
    0x080049cc   0x080049cc   0x0000033c   Code   RO          655    i.SVPWM             foc.o
    0x08004d08   0x08004d08   0x00000004   Code   RO          492    i.SysTick_Handler   stm32g4xx_it.o
    0x08004d0c   0x08004d0c   0x00000064   Code   RO           14    i.SystemClock_Config  main.o
    0x08004d70   0x08004d70   0x00000010   Code   RO         4862    i.SystemInit        system_stm32g4xx.o
    0x08004d80   0x08004d80   0x000000bc   Code   RO         3273    i.TIM_Base_SetConfig  stm32g4xx_hal_tim.o
    0x08004e3c   0x08004e3c   0x0000001a   Code   RO         3274    i.TIM_CCxChannelCmd  stm32g4xx_hal_tim.o
    0x08004e56   0x08004e56   0x0000001a   Code   RO         3960    i.TIM_CCxNChannelCmd  stm32g4xx_hal_tim_ex.o
    0x08004e70   0x08004e70   0x00000014   Code   RO         3284    i.TIM_ETR_SetConfig  stm32g4xx_hal_tim.o
    0x08004e84   0x08004e84   0x00000014   Code   RO         3285    i.TIM_ITRx_SetConfig  stm32g4xx_hal_tim.o
    0x08004e98   0x08004e98   0x0000009c   Code   RO         3286    i.TIM_OC1_SetConfig  stm32g4xx_hal_tim.o
    0x08004f34   0x08004f34   0x00000090   Code   RO         3287    i.TIM_OC2_SetConfig  stm32g4xx_hal_tim.o
    0x08004fc4   0x08004fc4   0x00000090   Code   RO         3288    i.TIM_OC3_SetConfig  stm32g4xx_hal_tim.o
    0x08005054   0x08005054   0x00000090   Code   RO         3289    i.TIM_OC4_SetConfig  stm32g4xx_hal_tim.o
    0x080050e4   0x080050e4   0x00000070   Code   RO         3290    i.TIM_OC5_SetConfig  stm32g4xx_hal_tim.o
    0x08005154   0x08005154   0x00000070   Code   RO         3291    i.TIM_OC6_SetConfig  stm32g4xx_hal_tim.o
    0x080051c4   0x080051c4   0x00000022   Code   RO         3293    i.TIM_TI1_ConfigInputStage  stm32g4xx_hal_tim.o
    0x080051e6   0x080051e6   0x00000024   Code   RO         3295    i.TIM_TI2_ConfigInputStage  stm32g4xx_hal_tim.o
    0x0800520a   0x0800520a   0x00000002   PAD
    0x0800520c   0x0800520c   0x00000044   Code   RO         4757    i.UARTEx_SetNbDataToProcess  stm32g4xx_hal_uart_ex.o
    0x08005250   0x08005250   0x000000c8   Code   RO         4366    i.UART_AdvFeatureConfig  stm32g4xx_hal_uart.o
    0x08005318   0x08005318   0x000000ac   Code   RO         4367    i.UART_CheckIdleState  stm32g4xx_hal_uart.o
    0x080053c4   0x080053c4   0x00000014   Code   RO         4368    i.UART_DMAAbortOnError  stm32g4xx_hal_uart.o
    0x080053d8   0x080053d8   0x00000050   Code   RO         4369    i.UART_DMAError     stm32g4xx_hal_uart.o
    0x08005428   0x08005428   0x00000086   Code   RO         4370    i.UART_DMAReceiveCplt  stm32g4xx_hal_uart.o
    0x080054ae   0x080054ae   0x00000020   Code   RO         4372    i.UART_DMARxHalfCplt  stm32g4xx_hal_uart.o
    0x080054ce   0x080054ce   0x00000042   Code   RO         4374    i.UART_DMATransmitCplt  stm32g4xx_hal_uart.o
    0x08005510   0x08005510   0x0000000a   Code   RO         4376    i.UART_DMATxHalfCplt  stm32g4xx_hal_uart.o
    0x0800551a   0x0800551a   0x00000002   PAD
    0x0800551c   0x0800551c   0x00000054   Code   RO         4378    i.UART_EndRxTransfer  stm32g4xx_hal_uart.o
    0x08005570   0x08005570   0x0000002e   Code   RO         4379    i.UART_EndTxTransfer  stm32g4xx_hal_uart.o
    0x0800559e   0x0800559e   0x00000002   PAD
    0x080055a0   0x080055a0   0x00000274   Code   RO         4384    i.UART_SetConfig    stm32g4xx_hal_uart.o
    0x08005814   0x08005814   0x000000a8   Code   RO         4385    i.UART_Start_Receive_DMA  stm32g4xx_hal_uart.o
    0x080058bc   0x080058bc   0x00000094   Code   RO         4391    i.UART_WaitOnFlagUntilTimeout  stm32g4xx_hal_uart.o
    0x08005950   0x08005950   0x00000058   Code   RO          493    i.USART1_IRQHandler  stm32g4xx_it.o
    0x080059a8   0x080059a8   0x00000002   Code   RO          494    i.UsageFault_Handler  stm32g4xx_it.o
    0x080059aa   0x080059aa   0x00000020   Code   RO         2710    i.__NVIC_SetPriority  stm32g4xx_hal_cortex.o
    0x080059ca   0x080059ca   0x00000002   PAD
    0x080059cc   0x080059cc   0x00000104   Code   RO         5034    i.__hardfp_fmod     m_wm.l(fmod.o)
    0x08005ad0   0x08005ad0   0x0000003a   Code   RO         5046    i.__hardfp_sqrtf    m_wm.l(sqrtf.o)
    0x08005b0a   0x08005b0a   0x00000006   PAD
    0x08005b10   0x08005b10   0x00000020   Code   RO         5072    i.__mathlib_dbl_invalid  m_wm.l(dunder.o)
    0x08005b30   0x08005b30   0x0000000e   Code   RO         5127    i.__scatterload_copy  mc_w.l(handlers.o)
    0x08005b3e   0x08005b3e   0x00000002   Code   RO         5128    i.__scatterload_null  mc_w.l(handlers.o)
    0x08005b40   0x08005b40   0x0000000e   Code   RO         5129    i.__scatterload_zeroinit  mc_w.l(handlers.o)
    0x08005b4e   0x08005b4e   0x00000002   PAD
    0x08005b50   0x08005b50   0x0000000c   Code   RO         5103    i.__set_errno       mc_w.l(errno.o)
    0x08005b5c   0x08005b5c   0x00000026   Code   RO           15    i.main              main.o
    0x08005b82   0x08005b82   0x00000018   Data   RO         4392    .constdata          stm32g4xx_hal_uart.o
    0x08005b9a   0x08005b9a   0x00000010   Data   RO         4758    .constdata          stm32g4xx_hal_uart_ex.o
    0x08005baa   0x08005baa   0x00000010   Data   RO         4863    .constdata          system_stm32g4xx.o
    0x08005bba   0x08005bba   0x00000008   Data   RO         4864    .constdata          system_stm32g4xx.o
    0x08005bc2   0x08005bc2   0x00000002   PAD
    0x08005bc4   0x08005bc4   0x00000804   Data   RO         5027    .rodata.sinTable_f32  arm_cortexM4lf_math.lib(arm_common_tables.o)
    0x080063c8   0x080063c8   0x00000020   Data   RO         5125    Region$$Table       anon$$obj.o


    Execution Region RW_IRAM1 (Exec base: 0x20000000, Load base: 0x080063e8, Size: 0x00000880, Max: 0x00008000, ABSOLUTE)

    Exec Addr    Load Addr    Size         Type   Attr      Idx    E Section Name        Object

    0x20000000   0x080063e8   0x00000008   Data   RW           20    .data               main.o
    0x20000008   0x080063f0   0x00000005   Data   RW           22    .data               main.o
    0x2000000d   0x080063f5   0x00000003   PAD
    0x20000010   0x080063f8   0x00000008   Data   RW           23    .data               main.o
    0x20000018   0x08006400   0x00000008   Data   RW           24    .data               main.o
    0x20000020   0x08006408   0x00000008   Data   RW           25    .data               main.o
    0x20000028   0x08006410   0x00000008   Data   RW           26    .data               main.o
    0x20000030   0x08006418   0x00000008   Data   RW           27    .data               main.o
    0x20000038   0x08006420   0x00000008   Data   RW           28    .data               main.o
    0x20000040   0x08006428   0x00000001   Data   RW          622    .data               start.o
    0x20000041   0x08006429   0x00000003   PAD
    0x20000044   0x0800642c   0x00000004   Data   RW          775    .data               motor.o
    0x20000048   0x08006430   0x0000000c   Data   RW         1372    .data               stm32g4xx_hal.o
    0x20000054   0x0800643c   0x00000004   Data   RW         4865    .data               system_stm32g4xx.o
    0x20000058   0x08006440   0x00000004   Data   RW         5104    .data               mc_w.l(errno.o)
    0x2000005c        -       0x0000003c   Zero   RW           16    .bss                main.o
    0x20000098        -       0x0000004c   Zero   RW           17    .bss                main.o
    0x200000e4        -       0x00000038   Zero   RW           18    .bss                main.o
    0x2000011c        -       0x0000008c   Zero   RW           19    .bss                main.o
    0x200001a8        -       0x0000006c   Zero   RW          273    .bss                adc.o
    0x20000214        -       0x00000064   Zero   RW          339    .bss                spi.o
    0x20000278        -       0x0000004c   Zero   RW          382    .bss                tim.o
    0x200002c4        -       0x00000154   Zero   RW          431    .bss                usart.o
    0x20000418        -       0x00000064   Zero   RW          621    .bss                start.o
    0x2000047c   0x08006444   0x00000004   PAD
    0x20000480        -       0x00000400   Zero   RW            1    STACK               startup_stm32g431xx.o


==============================================================================

Image component sizes


      Code (inc. data)   RO Data    RW Data    ZI Data      Debug   Object Name

       388         24          0          0        108       1869   adc.o
        76          4          0          0          0        786   dma.o
      1042         48          0          0          0       3512   foc.o
       164          8          0          0          0        939   gpio.o
       142          0          0         61        332     691339   main.o
      1798        250          0          4          0       5818   motor.o
        88         14          0          0          0       1345   mt6701.o
       726         28          0          0          0       2357   pid.o
       200         18          0          0        100       1641   spi.o
       148         18          0          1        100       1155   start.o
        36          8        472          0       1024        820   startup_stm32g431xx.o
       126         20          0         12          0       3581   stm32g4xx_hal.o
      1330         60          0          0          0      73963   stm32g4xx_hal_adc.o
      1834         76          0          0          0      76659   stm32g4xx_hal_adc_ex.o
       198         14          0          0          0      33727   stm32g4xx_hal_cortex.o
       910         30          0          0          0       6981   stm32g4xx_hal_dma.o
       594         34          0          0          0       2296   stm32g4xx_hal_gpio.o
        48          6          0          0          0        834   stm32g4xx_hal_msp.o
       204         18          0          0          0       1369   stm32g4xx_hal_pwr_ex.o
      1684         88          0          0          0       6168   stm32g4xx_hal_rcc.o
       648         10          0          0          0       1844   stm32g4xx_hal_rcc_ex.o
      1334         10          0          0          0       6301   stm32g4xx_hal_spi.o
      2242        256          0          0          0      15177   stm32g4xx_hal_tim.o
       522         58          0          0          0       3767   stm32g4xx_hal_tim_ex.o
      3048        116         24          0          0      37623   stm32g4xx_hal_uart.o
       288          6         16          0          0       5242   stm32g4xx_hal_uart_ex.o
       190         42          0          0          0       7459   stm32g4xx_it.o
        16          4         24          4          0       1079   system_stm32g4xx.o
       480         30          0          0         76       2484   tim.o
       344         30          0          0        340       1924   usart.o

    ----------------------------------------------------------------------
     20890       1328        570         88       2084    1000059   Object Totals
         0          0         32          0          0          0   (incl. Generated)
        42          0          2          6          4          0   (incl. Padding)

    ----------------------------------------------------------------------

      Code (inc. data)   RO Data    RW Data    ZI Data      Debug   Library Member Name

         0          0       2052          0          0       6294   arm_common_tables.o
       152         12          0          0          0       1104   arm_cos_f32.o
       144         12          0          0          0       1092   arm_sin_f32.o
        32          8          0          0          0        124   dunder.o
       260          6          0          0          0        144   fmod.o
        58          0          0          0          0        136   sqrtf.o
         0          0          0          0          0          0   entry.o
         0          0          0          0          0          0   entry10a.o
         0          0          0          0          0          0   entry11a.o
         8          4          0          0          0          0   entry2.o
         4          0          0          0          0          0   entry5.o
         0          0          0          0          0          0   entry7b.o
         0          0          0          0          0          0   entry8b.o
         8          4          0          0          0          0   entry9a.o
        12          6          0          4          0         68   errno.o
        30          0          0          0          0          0   handlers.o
        36          8          0          0          0         68   init.o
         0          0          0          0          0          0   iusefp.o
        30          0          0          0          0         68   llshl.o
        36          0          0          0          0         68   llsshr.o
        32          0          0          0          0         68   llushr.o
        36          0          0          0          0        108   memseta.o
        98          0          0          0          0         92   uldiv.o
        56          0          0          0          0         88   d2f.o
       334          0          0          0          0        148   dadd.o
       222          0          0          0          0        100   ddiv.o
       186          0          0          0          0        176   depilogue.o
       134          0          0          0          0         96   drem.o
        38          0          0          0          0         68   f2d.o
       110          0          0          0          0        168   fepilogue.o

    ----------------------------------------------------------------------
      2064         60       2052          4          0      10278   Library Totals
         8          0          0          0          0          0   (incl. Padding)

    ----------------------------------------------------------------------

      Code (inc. data)   RO Data    RW Data    ZI Data      Debug   Library Name

       296         24       2052          0          0       8490   arm_cortexM4lf_math.lib
       350         14          0          0          0        404   m_wm.l
       330         22          0          4          0        540   mc_w.l
      1080          0          0          0          0        844   mf_w.l

    ----------------------------------------------------------------------
      2064         60       2052          4          0      10278   Library Totals

    ----------------------------------------------------------------------

==============================================================================


      Code (inc. data)   RO Data    RW Data    ZI Data      Debug   

     22954       1388       2622         92       2084     995553   Grand Totals
     22954       1388       2622         92       2084     995553   ELF Image Totals
     22954       1388       2622         92          0          0   ROM Totals

==============================================================================

    Total RO  Size (Code + RO Data)                25576 (  24.98kB)
    Total RW  Size (RW Data + ZI Data)              2176 (   2.13kB)
    Total ROM Size (Code + RO Data + RW Data)      25668 (  25.07kB)

==============================================================================

